18:28:41 **** Build of project fsbl_bsp ****
make -k all 
"Running Make include in ps7_cortexa9_0/libsrc/coresightps_dcc_v1_4/src"
make -C ps7_cortexa9_0/libsrc/coresightps_dcc_v1_4/src -s include  "SHELL=CMD" "COMPILER=arm-none-eabi-gcc" "ARCHIVER=arm-none-eabi-ar" "COMPILER_FLAGS=  -O2 -c" "EXTRA_COMPILER_FLAGS=-mcpu=cortex-a9 -mfpu=vfpv3 -mfloat-abi=hard -nostartfiles -Wall -Wextra"
"Running Make include in ps7_cortexa9_0/libsrc/cpu_cortexa9_v2_4/src"
make -C ps7_cortexa9_0/libsrc/cpu_cortexa9_v2_4/src -s include  "SHELL=CMD" "COMPILER=arm-none-eabi-gcc" "ARCHIVER=arm-none-eabi-ar" "COMPILER_FLAGS=  -O2 -c" "EXTRA_COMPILER_FLAGS=-mcpu=cortex-a9 -mfpu=vfpv3 -mfloat-abi=hard -nostartfiles -Wall -Wextra"
"Running Make include in ps7_cortexa9_0/libsrc/ddrps_v1_0/src"
make -C ps7_cortexa9_0/libsrc/ddrps_v1_0/src -s include  "SHELL=CMD" "COMPILER=arm-none-eabi-gcc" "ARCHIVER=arm-none-eabi-ar" "COMPILER_FLAGS=  -O2 -c" "EXTRA_COMPILER_FLAGS=-mcpu=cortex-a9 -mfpu=vfpv3 -mfloat-abi=hard -nostartfiles -Wall -Wextra"
"Running Make include in ps7_cortexa9_0/libsrc/devcfg_v3_4/src"
make -C ps7_cortexa9_0/libsrc/devcfg_v3_4/src -s include  "SHELL=CMD" "COMPILER=arm-none-eabi-gcc" "ARCHIVER=arm-none-eabi-ar" "COMPILER_FLAGS=  -O2 -c" "EXTRA_COMPILER_FLAGS=-mcpu=cortex-a9 -mfpu=vfpv3 -mfloat-abi=hard -nostartfiles -Wall -Wextra"
"Running Make include in ps7_cortexa9_0/libsrc/dmaps_v2_3/src"
make -C ps7_cortexa9_0/libsrc/dmaps_v2_3/src -s include  "SHELL=CMD" "COMPILER=arm-none-eabi-gcc" "ARCHIVER=arm-none-eabi-ar" "COMPILER_FLAGS=  -O2 -c" "EXTRA_COMPILER_FLAGS=-mcpu=cortex-a9 -mfpu=vfpv3 -mfloat-abi=hard -nostartfiles -Wall -Wextra"
"Running Make include in ps7_cortexa9_0/libsrc/gpio_v4_3/src"
make -C ps7_cortexa9_0/libsrc/gpio_v4_3/src -s include  "SHELL=CMD" "COMPILER=arm-none-eabi-gcc" "ARCHIVER=arm-none-eabi-ar" "COMPILER_FLAGS=  -O2 -c" "EXTRA_COMPILER_FLAGS=-mcpu=cortex-a9 -mfpu=vfpv3 -mfloat-abi=hard -nostartfiles -Wall -Wextra"
"Running Make include in ps7_cortexa9_0/libsrc/gpiops_v3_2/src"
make -C ps7_cortexa9_0/libsrc/gpiops_v3_2/src -s include  "SHELL=CMD" "COMPILER=arm-none-eabi-gcc" "ARCHIVER=arm-none-eabi-ar" "COMPILER_FLAGS=  -O2 -c" "EXTRA_COMPILER_FLAGS=-mcpu=cortex-a9 -mfpu=vfpv3 -mfloat-abi=hard -nostartfiles -Wall -Wextra"
"Running Make include in ps7_cortexa9_0/libsrc/qspips_v3_3/src"
make -C ps7_cortexa9_0/libsrc/qspips_v3_3/src -s include  "SHELL=CMD" "COMPILER=arm-none-eabi-gcc" "ARCHIVER=arm-none-eabi-ar" "COMPILER_FLAGS=  -O2 -c" "EXTRA_COMPILER_FLAGS=-mcpu=cortex-a9 -mfpu=vfpv3 -mfloat-abi=hard -nostartfiles -Wall -Wextra"
"Running Make include in ps7_cortexa9_0/libsrc/scugic_v3_6/src"
make -C ps7_cortexa9_0/libsrc/scugic_v3_6/src -s include  "SHELL=CMD" "COMPILER=arm-none-eabi-gcc" "ARCHIVER=arm-none-eabi-ar" "COMPILER_FLAGS=  -O2 -c" "EXTRA_COMPILER_FLAGS=-mcpu=cortex-a9 -mfpu=vfpv3 -mfloat-abi=hard -nostartfiles -Wall -Wextra"
"Running Make include in ps7_cortexa9_0/libsrc/scutimer_v2_1/src"
make -C ps7_cortexa9_0/libsrc/scutimer_v2_1/src -s include  "SHELL=CMD" "COMPILER=arm-none-eabi-gcc" "ARCHIVER=arm-none-eabi-ar" "COMPILER_FLAGS=  -O2 -c" "EXTRA_COMPILER_FLAGS=-mcpu=cortex-a9 -mfpu=vfpv3 -mfloat-abi=hard -nostartfiles -Wall -Wextra"
"Running Make include in ps7_cortexa9_0/libsrc/scuwdt_v2_1/src"
make -C ps7_cortexa9_0/libsrc/scuwdt_v2_1/src -s include  "SHELL=CMD" "COMPILER=arm-none-eabi-gcc" "ARCHIVER=arm-none-eabi-ar" "COMPILER_FLAGS=  -O2 -c" "EXTRA_COMPILER_FLAGS=-mcpu=cortex-a9 -mfpu=vfpv3 -mfloat-abi=hard -nostartfiles -Wall -Wextra"
"Running Make include in ps7_cortexa9_0/libsrc/sdps_v3_2/src"
make -C ps7_cortexa9_0/libsrc/sdps_v3_2/src -s include  "SHELL=CMD" "COMPILER=arm-none-eabi-gcc" "ARCHIVER=arm-none-eabi-ar" "COMPILER_FLAGS=  -O2 -c" "EXTRA_COMPILER_FLAGS=-mcpu=cortex-a9 -mfpu=vfpv3 -mfloat-abi=hard -nostartfiles -Wall -Wextra"
"Running Make include in ps7_cortexa9_0/libsrc/spips_v3_0/src"
make -C ps7_cortexa9_0/libsrc/spips_v3_0/src -s include  "SHELL=CMD" "COMPILER=arm-none-eabi-gcc" "ARCHIVER=arm-none-eabi-ar" "COMPILER_FLAGS=  -O2 -c" "EXTRA_COMPILER_FLAGS=-mcpu=cortex-a9 -mfpu=vfpv3 -mfloat-abi=hard -nostartfiles -Wall -Wextra"
"Running Make include in ps7_cortexa9_0/libsrc/standalone_v6_2/src"
make -C ps7_cortexa9_0/libsrc/standalone_v6_2/src -s include  "SHELL=CMD" "COMPILER=arm-none-eabi-gcc" "ARCHIVER=arm-none-eabi-ar" "COMPILER_FLAGS=  -O2 -c" "EXTRA_COMPILER_FLAGS=-mcpu=cortex-a9 -mfpu=vfpv3 -mfloat-abi=hard -nostartfiles -Wall -Wextra"
"Running Make include in ps7_cortexa9_0/libsrc/uartps_v3_4/src"
make -C ps7_cortexa9_0/libsrc/uartps_v3_4/src -s include  "SHELL=CMD" "COMPILER=arm-none-eabi-gcc" "ARCHIVER=arm-none-eabi-ar" "COMPILER_FLAGS=  -O2 -c" "EXTRA_COMPILER_FLAGS=-mcpu=cortex-a9 -mfpu=vfpv3 -mfloat-abi=hard -nostartfiles -Wall -Wextra"
"Running Make include in ps7_cortexa9_0/libsrc/xadcps_v2_2/src"
make -C ps7_cortexa9_0/libsrc/xadcps_v2_2/src -s include  "SHELL=CMD" "COMPILER=arm-none-eabi-gcc" "ARCHIVER=arm-none-eabi-ar" "COMPILER_FLAGS=  -O2 -c" "EXTRA_COMPILER_FLAGS=-mcpu=cortex-a9 -mfpu=vfpv3 -mfloat-abi=hard -nostartfiles -Wall -Wextra"
"Running Make include in ps7_cortexa9_0/libsrc/xilffs_v3_6/src"
make -C ps7_cortexa9_0/libsrc/xilffs_v3_6/src -s include  "SHELL=CMD" "COMPILER=arm-none-eabi-gcc" "ARCHIVER=arm-none-eabi-ar" "COMPILER_FLAGS=  -O2 -c" "EXTRA_COMPILER_FLAGS=-mcpu=cortex-a9 -mfpu=vfpv3 -mfloat-abi=hard -nostartfiles -Wall -Wextra"
"Running Make include in ps7_cortexa9_0/libsrc/xilrsa_v1_3/src"
make -C ps7_cortexa9_0/libsrc/xilrsa_v1_3/src -s include  "SHELL=CMD" "COMPILER=arm-none-eabi-gcc" "ARCHIVER=arm-none-eabi-ar" "COMPILER_FLAGS=  -O2 -c" "EXTRA_COMPILER_FLAGS=-mcpu=cortex-a9 -mfpu=vfpv3 -mfloat-abi=hard -nostartfiles -Wall -Wextra"
"Running Make libs in ps7_cortexa9_0/libsrc/coresightps_dcc_v1_4/src"
make -C ps7_cortexa9_0/libsrc/coresightps_dcc_v1_4/src -s libs  "SHELL=CMD" "COMPILER=arm-none-eabi-gcc" "ARCHIVER=arm-none-eabi-ar" "COMPILER_FLAGS=  -O2 -c" "EXTRA_COMPILER_FLAGS=-mcpu=cortex-a9 -mfpu=vfpv3 -mfloat-abi=hard -nostartfiles -Wall -Wextra"
"Compiling coresightps_dcc"
arm-none-eabi-ar: creating ../../../lib/libxil.a
"Running Make libs in ps7_cortexa9_0/libsrc/cpu_cortexa9_v2_4/src"
make -C ps7_cortexa9_0/libsrc/cpu_cortexa9_v2_4/src -s libs  "SHELL=CMD" "COMPILER=arm-none-eabi-gcc" "ARCHIVER=arm-none-eabi-ar" "COMPILER_FLAGS=  -O2 -c" "EXTRA_COMPILER_FLAGS=-mcpu=cortex-a9 -mfpu=vfpv3 -mfloat-abi=hard -nostartfiles -Wall -Wextra"
"Compiling cpu_cortexa9"
"Running Make libs in ps7_cortexa9_0/libsrc/ddrps_v1_0/src"
make -C ps7_cortexa9_0/libsrc/ddrps_v1_0/src -s libs  "SHELL=CMD" "COMPILER=arm-none-eabi-gcc" "ARCHIVER=arm-none-eabi-ar" "COMPILER_FLAGS=  -O2 -c" "EXTRA_COMPILER_FLAGS=-mcpu=cortex-a9 -mfpu=vfpv3 -mfloat-abi=hard -nostartfiles -Wall -Wextra"
"Compiling ddrps"
"Running Make libs in ps7_cortexa9_0/libsrc/devcfg_v3_4/src"
make -C ps7_cortexa9_0/libsrc/devcfg_v3_4/src -s libs  "SHELL=CMD" "COMPILER=arm-none-eabi-gcc" "ARCHIVER=arm-none-eabi-ar" "COMPILER_FLAGS=  -O2 -c" "EXTRA_COMPILER_FLAGS=-mcpu=cortex-a9 -mfpu=vfpv3 -mfloat-abi=hard -nostartfiles -Wall -Wextra"
"Compiling devcfg"
"Running Make libs in ps7_cortexa9_0/libsrc/dmaps_v2_3/src"
make -C ps7_cortexa9_0/libsrc/dmaps_v2_3/src -s libs  "SHELL=CMD" "COMPILER=arm-none-eabi-gcc" "ARCHIVER=arm-none-eabi-ar" "COMPILER_FLAGS=  -O2 -c" "EXTRA_COMPILER_FLAGS=-mcpu=cortex-a9 -mfpu=vfpv3 -mfloat-abi=hard -nostartfiles -Wall -Wextra"
"Compiling dmaps"
"Running Make libs in ps7_cortexa9_0/libsrc/gpio_v4_3/src"
make -C ps7_cortexa9_0/libsrc/gpio_v4_3/src -s libs  "SHELL=CMD" "COMPILER=arm-none-eabi-gcc" "ARCHIVER=arm-none-eabi-ar" "COMPILER_FLAGS=  -O2 -c" "EXTRA_COMPILER_FLAGS=-mcpu=cortex-a9 -mfpu=vfpv3 -mfloat-abi=hard -nostartfiles -Wall -Wextra"
"Compiling gpio"
"Running Make libs in ps7_cortexa9_0/libsrc/gpiops_v3_2/src"
make -C ps7_cortexa9_0/libsrc/gpiops_v3_2/src -s libs  "SHELL=CMD" "COMPILER=arm-none-eabi-gcc" "ARCHIVER=arm-none-eabi-ar" "COMPILER_FLAGS=  -O2 -c" "EXTRA_COMPILER_FLAGS=-mcpu=cortex-a9 -mfpu=vfpv3 -mfloat-abi=hard -nostartfiles -Wall -Wextra"
"Compiling gpiops"
"Running Make libs in ps7_cortexa9_0/libsrc/qspips_v3_3/src"
make -C ps7_cortexa9_0/libsrc/qspips_v3_3/src -s libs  "SHELL=CMD" "COMPILER=arm-none-eabi-gcc" "ARCHIVER=arm-none-eabi-ar" "COMPILER_FLAGS=  -O2 -c" "EXTRA_COMPILER_FLAGS=-mcpu=cortex-a9 -mfpu=vfpv3 -mfloat-abi=hard -nostartfiles -Wall -Wextra"
"Compiling qspips"
"Running Make libs in ps7_cortexa9_0/libsrc/scugic_v3_6/src"
make -C ps7_cortexa9_0/libsrc/scugic_v3_6/src -s libs  "SHELL=CMD" "COMPILER=arm-none-eabi-gcc" "ARCHIVER=arm-none-eabi-ar" "COMPILER_FLAGS=  -O2 -c" "EXTRA_COMPILER_FLAGS=-mcpu=cortex-a9 -mfpu=vfpv3 -mfloat-abi=hard -nostartfiles -Wall -Wextra"
"Compiling scugic"
xscugic_g.c:53:2: warning: missing initializer for field 'HandlerTable' of 'XScuGic_Config {aka struct <anonymous>}' [-Wmissing-field-initializers]
  }
  ^
In file included from xscugic_g.c:41:0:
xscugic.h:217:27: note: 'HandlerTable' declared here
  XScuGic_VectorTableEntry HandlerTable[XSCUGIC_MAX_NUM_INTR_INPUTS];/**<
                           ^~~~~~~~~~~~
"Running Make libs in ps7_cortexa9_0/libsrc/scutimer_v2_1/src"
make -C ps7_cortexa9_0/libsrc/scutimer_v2_1/src -s libs  "SHELL=CMD" "COMPILER=arm-none-eabi-gcc" "ARCHIVER=arm-none-eabi-ar" "COMPILER_FLAGS=  -O2 -c" "EXTRA_COMPILER_FLAGS=-mcpu=cortex-a9 -mfpu=vfpv3 -mfloat-abi=hard -nostartfiles -Wall -Wextra"
"Compiling scutimer"
"Running Make libs in ps7_cortexa9_0/libsrc/scuwdt_v2_1/src"
make -C ps7_cortexa9_0/libsrc/scuwdt_v2_1/src -s libs  "SHELL=CMD" "COMPILER=arm-none-eabi-gcc" "ARCHIVER=arm-none-eabi-ar" "COMPILER_FLAGS=  -O2 -c" "EXTRA_COMPILER_FLAGS=-mcpu=cortex-a9 -mfpu=vfpv3 -mfloat-abi=hard -nostartfiles -Wall -Wextra"
"Compiling scuwdt"
"Running Make libs in ps7_cortexa9_0/libsrc/sdps_v3_2/src"
make -C ps7_cortexa9_0/libsrc/sdps_v3_2/src -s libs  "SHELL=CMD" "COMPILER=arm-none-eabi-gcc" "ARCHIVER=arm-none-eabi-ar" "COMPILER_FLAGS=  -O2 -c" "EXTRA_COMPILER_FLAGS=-mcpu=cortex-a9 -mfpu=vfpv3 -mfloat-abi=hard -nostartfiles -Wall -Wextra"
"Compiling sdps"
"Running Make libs in ps7_cortexa9_0/libsrc/spips_v3_0/src"
make -C ps7_cortexa9_0/libsrc/spips_v3_0/src -s libs  "SHELL=CMD" "COMPILER=arm-none-eabi-gcc" "ARCHIVER=arm-none-eabi-ar" "COMPILER_FLAGS=  -O2 -c" "EXTRA_COMPILER_FLAGS=-mcpu=cortex-a9 -mfpu=vfpv3 -mfloat-abi=hard -nostartfiles -Wall -Wextra"
"Compiling spips"
"Running Make libs in ps7_cortexa9_0/libsrc/standalone_v6_2/src"
make -C ps7_cortexa9_0/libsrc/standalone_v6_2/src -s libs  "SHELL=CMD" "COMPILER=arm-none-eabi-gcc" "ARCHIVER=arm-none-eabi-ar" "COMPILER_FLAGS=  -O2 -c" "EXTRA_COMPILER_FLAGS=-mcpu=cortex-a9 -mfpu=vfpv3 -mfloat-abi=hard -nostartfiles -Wall -Wextra"
"Compiling standalone"
"Running Make libs in ps7_cortexa9_0/libsrc/uartps_v3_4/src"
make -C ps7_cortexa9_0/libsrc/uartps_v3_4/src -s libs  "SHELL=CMD" "COMPILER=arm-none-eabi-gcc" "ARCHIVER=arm-none-eabi-ar" "COMPILER_FLAGS=  -O2 -c" "EXTRA_COMPILER_FLAGS=-mcpu=cortex-a9 -mfpu=vfpv3 -mfloat-abi=hard -nostartfiles -Wall -Wextra"
"Compiling uartps"
"Running Make libs in ps7_cortexa9_0/libsrc/xadcps_v2_2/src"
make -C ps7_cortexa9_0/libsrc/xadcps_v2_2/src -s libs  "SHELL=CMD" "COMPILER=arm-none-eabi-gcc" "ARCHIVER=arm-none-eabi-ar" "COMPILER_FLAGS=  -O2 -c" "EXTRA_COMPILER_FLAGS=-mcpu=cortex-a9 -mfpu=vfpv3 -mfloat-abi=hard -nostartfiles -Wall -Wextra"
"Compiling xadcps"
"Running Make libs in ps7_cortexa9_0/libsrc/xilffs_v3_6/src"
make -C ps7_cortexa9_0/libsrc/xilffs_v3_6/src -s libs  "SHELL=CMD" "COMPILER=arm-none-eabi-gcc" "ARCHIVER=arm-none-eabi-ar" "COMPILER_FLAGS=  -O2 -c" "EXTRA_COMPILER_FLAGS=-mcpu=cortex-a9 -mfpu=vfpv3 -mfloat-abi=hard -nostartfiles -Wall -Wextra"
"Compiling XilFFs Library"
diskio.c:135:11: warning: 'ExtCsd' defined but not used [-Wunused-variable]
 static u8 ExtCsd[512] __attribute__ ((aligned(32)));
           ^~~~~~
ff.c: In function 'find_volume':
ff.c:2610:4: warning: dereferencing type-punned pointer will break strict-aliasing rules [-Wstrict-aliasing]
    && (LD_DWORD(fs->win+FSI_LeadSig) == 0x41615252U)
    ^~
"Running Make libs in ps7_cortexa9_0/libsrc/xilrsa_v1_3/src"
make -C ps7_cortexa9_0/libsrc/xilrsa_v1_3/src -s libs  "SHELL=CMD" "COMPILER=arm-none-eabi-gcc" "ARCHIVER=arm-none-eabi-ar" "COMPILER_FLAGS=  -O2 -c" "EXTRA_COMPILER_FLAGS=-mcpu=cortex-a9 -mfpu=vfpv3 -mfloat-abi=hard -nostartfiles -Wall -Wextra"
'Finished building libraries'
18:29:46 **** Build of configuration Debug for project fsbl ****
make pre-build main-build 
a9-linaro-pre-build-step
' '
'Building file: ../src/fsbl_handoff.S'
'Invoking: ARM v7 gcc compiler'
arm-none-eabi-gcc -Wall -O0 -g3 -I"Z:\Software\uio-test-system\uio-test-system.sdk\base_wrapper_hw_platform_0" -c -fmessage-length=0 -MT"src/fsbl_handoff.o" -mcpu=cortex-a9 -mfpu=vfpv3 -mfloat-abi=hard -I../../fsbl_bsp/ps7_cortexa9_0/include -MMD -MP -MF"src/fsbl_handoff.d" -MT"src/fsbl_handoff.o" -o "src/fsbl_handoff.o" "../src/fsbl_handoff.S"
'Finished building: ../src/fsbl_handoff.S'
' '
'Building file: ../src/fsbl_hooks.c'
'Invoking: ARM v7 gcc compiler'
arm-none-eabi-gcc -Wall -O0 -g3 -I"Z:\Software\uio-test-system\uio-test-system.sdk\base_wrapper_hw_platform_0" -c -fmessage-length=0 -MT"src/fsbl_hooks.o" -mcpu=cortex-a9 -mfpu=vfpv3 -mfloat-abi=hard -I../../fsbl_bsp/ps7_cortexa9_0/include -MMD -MP -MF"src/fsbl_hooks.d" -MT"src/fsbl_hooks.o" -o "src/fsbl_hooks.o" "../src/fsbl_hooks.c"
'Finished building: ../src/fsbl_hooks.c'
' '
'Building file: ../src/image_mover.c'
'Invoking: ARM v7 gcc compiler'
arm-none-eabi-gcc -Wall -O0 -g3 -I"Z:\Software\uio-test-system\uio-test-system.sdk\base_wrapper_hw_platform_0" -c -fmessage-length=0 -MT"src/image_mover.o" -mcpu=cortex-a9 -mfpu=vfpv3 -mfloat-abi=hard -I../../fsbl_bsp/ps7_cortexa9_0/include -MMD -MP -MF"src/image_mover.d" -MT"src/image_mover.o" -o "src/image_mover.o" "../src/image_mover.c"
'Finished building: ../src/image_mover.c'
' '
'Building file: ../src/main.c'
'Invoking: ARM v7 gcc compiler'
arm-none-eabi-gcc -Wall -O0 -g3 -I"Z:\Software\uio-test-system\uio-test-system.sdk\base_wrapper_hw_platform_0" -c -fmessage-length=0 -MT"src/main.o" -mcpu=cortex-a9 -mfpu=vfpv3 -mfloat-abi=hard -I../../fsbl_bsp/ps7_cortexa9_0/include -MMD -MP -MF"src/main.d" -MT"src/main.o" -o "src/main.o" "../src/main.c"
'Finished building: ../src/main.c'
' '
'Building file: ../src/md5.c'
'Invoking: ARM v7 gcc compiler'
arm-none-eabi-gcc -Wall -O0 -g3 -I"Z:\Software\uio-test-system\uio-test-system.sdk\base_wrapper_hw_platform_0" -c -fmessage-length=0 -MT"src/md5.o" -mcpu=cortex-a9 -mfpu=vfpv3 -mfloat-abi=hard -I../../fsbl_bsp/ps7_cortexa9_0/include -MMD -MP -MF"src/md5.d" -MT"src/md5.o" -o "src/md5.o" "../src/md5.c"
'Finished building: ../src/md5.c'
' '
'Building file: ../src/nand.c'
'Invoking: ARM v7 gcc compiler'
arm-none-eabi-gcc -Wall -O0 -g3 -I"Z:\Software\uio-test-system\uio-test-system.sdk\base_wrapper_hw_platform_0" -c -fmessage-length=0 -MT"src/nand.o" -mcpu=cortex-a9 -mfpu=vfpv3 -mfloat-abi=hard -I../../fsbl_bsp/ps7_cortexa9_0/include -MMD -MP -MF"src/nand.d" -MT"src/nand.o" -o "src/nand.o" "../src/nand.c"
'Finished building: ../src/nand.c'
' '
'Building file: ../src/nor.c'
'Invoking: ARM v7 gcc compiler'
arm-none-eabi-gcc -Wall -O0 -g3 -I"Z:\Software\uio-test-system\uio-test-system.sdk\base_wrapper_hw_platform_0" -c -fmessage-length=0 -MT"src/nor.o" -mcpu=cortex-a9 -mfpu=vfpv3 -mfloat-abi=hard -I../../fsbl_bsp/ps7_cortexa9_0/include -MMD -MP -MF"src/nor.d" -MT"src/nor.o" -o "src/nor.o" "../src/nor.c"
'Finished building: ../src/nor.c'
' '
'Building file: ../src/pcap.c'
'Invoking: ARM v7 gcc compiler'
arm-none-eabi-gcc -Wall -O0 -g3 -I"Z:\Software\uio-test-system\uio-test-system.sdk\base_wrapper_hw_platform_0" -c -fmessage-length=0 -MT"src/pcap.o" -mcpu=cortex-a9 -mfpu=vfpv3 -mfloat-abi=hard -I../../fsbl_bsp/ps7_cortexa9_0/include -MMD -MP -MF"src/pcap.d" -MT"src/pcap.o" -o "src/pcap.o" "../src/pcap.c"
'Finished building: ../src/pcap.c'
' '
'Building file: Z:/Software/uio-test-system/uio-test-system.sdk/base_wrapper_hw_platform_0/ps7_init.c'
'Invoking: ARM v7 gcc compiler'
arm-none-eabi-gcc -Wall -O0 -g3 -I"Z:\Software\uio-test-system\uio-test-system.sdk\base_wrapper_hw_platform_0" -c -fmessage-length=0 -MT"src/ps7_init.o" -mcpu=cortex-a9 -mfpu=vfpv3 -mfloat-abi=hard -I../../fsbl_bsp/ps7_cortexa9_0/include -MMD -MP -MF"src/ps7_init.d" -MT"src/ps7_init.o" -o "src/ps7_init.o" "Z:/Software/uio-test-system/uio-test-system.sdk/base_wrapper_hw_platform_0/ps7_init.c"
'Finished building: Z:/Software/uio-test-system/uio-test-system.sdk/base_wrapper_hw_platform_0/ps7_init.c'
' '
'Building file: ../src/qspi.c'
'Invoking: ARM v7 gcc compiler'
arm-none-eabi-gcc -Wall -O0 -g3 -I"Z:\Software\uio-test-system\uio-test-system.sdk\base_wrapper_hw_platform_0" -c -fmessage-length=0 -MT"src/qspi.o" -mcpu=cortex-a9 -mfpu=vfpv3 -mfloat-abi=hard -I../../fsbl_bsp/ps7_cortexa9_0/include -MMD -MP -MF"src/qspi.d" -MT"src/qspi.o" -o "src/qspi.o" "../src/qspi.c"
'Finished building: ../src/qspi.c'
' '
'Building file: ../src/rsa.c'
'Invoking: ARM v7 gcc compiler'
arm-none-eabi-gcc -Wall -O0 -g3 -I"Z:\Software\uio-test-system\uio-test-system.sdk\base_wrapper_hw_platform_0" -c -fmessage-length=0 -MT"src/rsa.o" -mcpu=cortex-a9 -mfpu=vfpv3 -mfloat-abi=hard -I../../fsbl_bsp/ps7_cortexa9_0/include -MMD -MP -MF"src/rsa.d" -MT"src/rsa.o" -o "src/rsa.o" "../src/rsa.c"
'Finished building: ../src/rsa.c'
' '
'Building file: ../src/sd.c'
'Invoking: ARM v7 gcc compiler'
arm-none-eabi-gcc -Wall -O0 -g3 -I"Z:\Software\uio-test-system\uio-test-system.sdk\base_wrapper_hw_platform_0" -c -fmessage-length=0 -MT"src/sd.o" -mcpu=cortex-a9 -mfpu=vfpv3 -mfloat-abi=hard -I../../fsbl_bsp/ps7_cortexa9_0/include -MMD -MP -MF"src/sd.d" -MT"src/sd.o" -o "src/sd.o" "../src/sd.c"
'Finished building: ../src/sd.c'
' '
'Building target: fsbl.elf'
'Invoking: ARM v7 gcc linker'
arm-none-eabi-gcc -mcpu=cortex-a9 -mfpu=vfpv3 -mfloat-abi=hard -Wl,-build-id=none -specs=Xilinx.spec -Wl,-T -Wl,../src/lscript.ld -L../../fsbl_bsp/ps7_cortexa9_0/lib -o "fsbl.elf"  ./src/fsbl_handoff.o ./src/fsbl_hooks.o ./src/image_mover.o ./src/main.o ./src/md5.o ./src/nand.o ./src/nor.o ./src/pcap.o ./src/ps7_init.o ./src/qspi.o ./src/rsa.o ./src/sd.o   -Wl,--start-group,-lxil,-lgcc,-lc,--end-group -Wl,--start-group,-lxilffs,-lxil,-lgcc,-lc,--end-group -Wl,--start-group,-lrsa,-lxil,-lgcc,-lc,--end-group
'Finished building target: fsbl.elf'
' '
'Invoking: ARM v7 Print Size'
arm-none-eabi-size fsbl.elf  |tee "fsbl.elf.size"
   text	   data	    bss	    dec	    hex	filename
  78520	  11512	  74344	 164376	  28218	fsbl.elf
'Finished building: fsbl.elf.size'
' '
22:51:27 **** Clean-only build of configuration Debug for project tester ****
make clean 
rm -rf  ./src/main.o  ./src/main.d  tester.elf.size  tester.elf
' '
22:51:30 **** Build of configuration Debug for project tester ****
make all 
'Building file: ../src/main.c'
'Invoking: ARM v7 Linux gcc compiler'
arm-linux-gnueabihf-gcc -DDEBUG -Wall -O0 -g3 -c -fmessage-length=0 -MT"src/main.o" -MMD -MP -MF"src/main.d" -MT"src/main.o" -o "src/main.o" "../src/main.c"
../src/main.c: In function 'uio_run':
../src/main.c:367:38: warning: unused variable 'ch' [-Wunused-variable]
  unsigned long tri, ier, gier, data, ch, isr;
                                      ^~
'Finished building: ../src/main.c'
' '
'Building target: tester.elf'
'Invoking: ARM v7 Linux gcc linker'
arm-linux-gnueabihf-gcc  -o "tester.elf"  ./src/main.o   
'Finished building target: tester.elf'
' '
'Invoking: ARM v7 Linux Print Size'
arm-linux-gnueabihf-size tester.elf  |tee "tester.elf.size"
   text	   data	    bss	    dec	    hex	filename
   7486	    400	     16	   7902	   1ede	tester.elf
'Finished building: tester.elf.size'
' '
22:54:13 **** Auto Build of configuration Debug for project tester ****
make all 
'Building file: ../src/main.c'
'Invoking: ARM v7 Linux gcc compiler'
arm-linux-gnueabihf-gcc -DDEBUG -Wall -O0 -g3 -c -fmessage-length=0 -MT"src/main.o" -MMD -MP -MF"src/main.d" -MT"src/main.o" -o "src/main.o" "../src/main.c"
../src/main.c: In function 'uio_run':
../src/main.c:371:38: warning: unused variable 'ch' [-Wunused-variable]
  unsigned long tri, ier, gier, data, ch, isr;
                                      ^~
'Finished building: ../src/main.c'
' '
'Building target: tester.elf'
'Invoking: ARM v7 Linux gcc linker'
arm-linux-gnueabihf-gcc  -o "tester.elf"  ./src/main.o   
'Finished building target: tester.elf'
' '
'Invoking: ARM v7 Linux Print Size'
arm-linux-gnueabihf-size tester.elf  |tee "tester.elf.size"
   text	   data	    bss	    dec	    hex	filename
   7486	    400	     16	   7902	   1ede	tester.elf
'Finished building: tester.elf.size'
' '
22:58:03 **** Auto Build of configuration Debug for project tester ****
make all 
'Building file: ../src/main.c'
'Invoking: ARM v7 Linux gcc compiler'
arm-linux-gnueabihf-gcc -DDEBUG -Wall -O0 -g3 -c -fmessage-length=0 -MT"src/main.o" -MMD -MP -MF"src/main.d" -MT"src/main.o" -o "src/main.o" "../src/main.c"
../src/main.c: In function 'uio_run':
../src/main.c:372:38: warning: unused variable 'ch' [-Wunused-variable]
  unsigned long tri, ier, gier, data, ch, isr;
                                      ^~
'Finished building: ../src/main.c'
' '
'Building target: tester.elf'
'Invoking: ARM v7 Linux gcc linker'
arm-linux-gnueabihf-gcc  -o "tester.elf"  ./src/main.o   
'Finished building target: tester.elf'
' '
'Invoking: ARM v7 Linux Print Size'
arm-linux-gnueabihf-size tester.elf  |tee "tester.elf.size"
   text	   data	    bss	    dec	    hex	filename
   7486	    400	     16	   7902	   1ede	tester.elf
'Finished building: tester.elf.size'
' '
22:58:11 **** Auto Build of configuration Debug for project tester ****
make all 
'Building file: ../src/main.c'
'Invoking: ARM v7 Linux gcc compiler'
arm-linux-gnueabihf-gcc -DDEBUG -Wall -O0 -g3 -c -fmessage-length=0 -MT"src/main.o" -MMD -MP -MF"src/main.d" -MT"src/main.o" -o "src/main.o" "../src/main.c"
../src/main.c: In function 'uio_run':
../src/main.c:372:38: warning: unused variable 'ch' [-Wunused-variable]
  unsigned long tri, ier, gier, data, ch, isr;
                                      ^~
'Finished building: ../src/main.c'
' '
'Building target: tester.elf'
'Invoking: ARM v7 Linux gcc linker'
arm-linux-gnueabihf-gcc  -o "tester.elf"  ./src/main.o   
'Finished building target: tester.elf'
' '
'Invoking: ARM v7 Linux Print Size'
arm-linux-gnueabihf-size tester.elf  |tee "tester.elf.size"
   text	   data	    bss	    dec	    hex	filename
   7486	    400	     16	   7902	   1ede	tester.elf
'Finished building: tester.elf.size'
' '
22:58:30 **** Auto Build of configuration Debug for project tester ****
make all 
'Building file: ../src/main.c'
'Invoking: ARM v7 Linux gcc compiler'
arm-linux-gnueabihf-gcc -DDEBUG -Wall -O0 -g3 -c -fmessage-length=0 -MT"src/main.o" -MMD -MP -MF"src/main.d" -MT"src/main.o" -o "src/main.o" "../src/main.c"
../src/main.c: In function 'uio_run':
../src/main.c:372:38: warning: unused variable 'ch' [-Wunused-variable]
  unsigned long tri, ier, gier, data, ch, isr;
                                      ^~
'Finished building: ../src/main.c'
' '
'Building target: tester.elf'
'Invoking: ARM v7 Linux gcc linker'
arm-linux-gnueabihf-gcc  -o "tester.elf"  ./src/main.o   
'Finished building target: tester.elf'
' '
'Invoking: ARM v7 Linux Print Size'
arm-linux-gnueabihf-size tester.elf  |tee "tester.elf.size"
   text	   data	    bss	    dec	    hex	filename
   7486	    400	     16	   7902	   1ede	tester.elf
'Finished building: tester.elf.size'
' '
22:58:44 **** Auto Build of configuration Debug for project tester ****
make all 
'Building file: ../src/main.c'
'Invoking: ARM v7 Linux gcc compiler'
arm-linux-gnueabihf-gcc -DDEBUG -Wall -O0 -g3 -c -fmessage-length=0 -MT"src/main.o" -MMD -MP -MF"src/main.d" -MT"src/main.o" -o "src/main.o" "../src/main.c"
../src/main.c: In function 'uio_run':
../src/main.c:372:38: warning: unused variable 'ch' [-Wunused-variable]
  unsigned long tri, ier, gier, data, ch, isr;
                                      ^~
'Finished building: ../src/main.c'
' '
'Building target: tester.elf'
'Invoking: ARM v7 Linux gcc linker'
arm-linux-gnueabihf-gcc  -o "tester.elf"  ./src/main.o   
'Finished building target: tester.elf'
' '
'Invoking: ARM v7 Linux Print Size'
arm-linux-gnueabihf-size tester.elf  |tee "tester.elf.size"
   text	   data	    bss	    dec	    hex	filename
   7486	    400	     16	   7902	   1ede	tester.elf
'Finished building: tester.elf.size'
' '
22:58:59 **** Auto Build of configuration Debug for project tester ****
make all 
'Building file: ../src/main.c'
'Invoking: ARM v7 Linux gcc compiler'
arm-linux-gnueabihf-gcc -DDEBUG -Wall -O0 -g3 -c -fmessage-length=0 -MT"src/main.o" -MMD -MP -MF"src/main.d" -MT"src/main.o" -o "src/main.o" "../src/main.c"
../src/main.c: In function 'uio_run':
../src/main.c:372:38: warning: unused variable 'ch' [-Wunused-variable]
  unsigned long tri, ier, gier, data, ch, isr;
                                      ^~
'Finished building: ../src/main.c'
' '
'Building target: tester.elf'
'Invoking: ARM v7 Linux gcc linker'
arm-linux-gnueabihf-gcc  -o "tester.elf"  ./src/main.o   
'Finished building target: tester.elf'
' '
'Invoking: ARM v7 Linux Print Size'
arm-linux-gnueabihf-size tester.elf  |tee "tester.elf.size"
   text	   data	    bss	    dec	    hex	filename
   7486	    400	     16	   7902	   1ede	tester.elf
'Finished building: tester.elf.size'
' '
23:02:24 **** Clean-only build of configuration Debug for project fsbl ****
make clean 
rm -rf  ./src/fsbl_handoff.o ./src/fsbl_hooks.o ./src/image_mover.o ./src/main.o ./src/md5.o ./src/nand.o ./src/nor.o ./src/pcap.o ./src/ps7_init.o ./src/qspi.o ./src/rsa.o ./src/sd.o  ./src/fsbl_handoff.d  ./src/fsbl_hooks.d ./src/image_mover.d ./src/main.d ./src/md5.d ./src/nand.d ./src/nor.d ./src/pcap.d ./src/ps7_init.d ./src/qspi.d ./src/rsa.d ./src/sd.d  fsbl.elf.size  fsbl.elf
' '
23:02:27 **** Auto Build of configuration Debug for project fsbl ****
make pre-build main-build 
a9-linaro-pre-build-step
' '
'Building file: ../src/fsbl_handoff.S'
'Invoking: ARM v7 gcc compiler'
arm-none-eabi-gcc -Wall -O0 -g3 -I"Z:\Software\uio-test-system\uio-test-system.sdk\base_wrapper_hw_platform_0" -c -fmessage-length=0 -MT"src/fsbl_handoff.o" -mcpu=cortex-a9 -mfpu=vfpv3 -mfloat-abi=hard -I../../fsbl_bsp/ps7_cortexa9_0/include -MMD -MP -MF"src/fsbl_handoff.d" -MT"src/fsbl_handoff.o" -o "src/fsbl_handoff.o" "../src/fsbl_handoff.S"
'Finished building: ../src/fsbl_handoff.S'
' '
'Building file: ../src/fsbl_hooks.c'
'Invoking: ARM v7 gcc compiler'
arm-none-eabi-gcc -Wall -O0 -g3 -I"Z:\Software\uio-test-system\uio-test-system.sdk\base_wrapper_hw_platform_0" -c -fmessage-length=0 -MT"src/fsbl_hooks.o" -mcpu=cortex-a9 -mfpu=vfpv3 -mfloat-abi=hard -I../../fsbl_bsp/ps7_cortexa9_0/include -MMD -MP -MF"src/fsbl_hooks.d" -MT"src/fsbl_hooks.o" -o "src/fsbl_hooks.o" "../src/fsbl_hooks.c"
'Finished building: ../src/fsbl_hooks.c'
' '
'Building file: ../src/image_mover.c'
'Invoking: ARM v7 gcc compiler'
arm-none-eabi-gcc -Wall -O0 -g3 -I"Z:\Software\uio-test-system\uio-test-system.sdk\base_wrapper_hw_platform_0" -c -fmessage-length=0 -MT"src/image_mover.o" -mcpu=cortex-a9 -mfpu=vfpv3 -mfloat-abi=hard -I../../fsbl_bsp/ps7_cortexa9_0/include -MMD -MP -MF"src/image_mover.d" -MT"src/image_mover.o" -o "src/image_mover.o" "../src/image_mover.c"
'Finished building: ../src/image_mover.c'
' '
'Building file: ../src/main.c'
'Invoking: ARM v7 gcc compiler'
arm-none-eabi-gcc -Wall -O0 -g3 -I"Z:\Software\uio-test-system\uio-test-system.sdk\base_wrapper_hw_platform_0" -c -fmessage-length=0 -MT"src/main.o" -mcpu=cortex-a9 -mfpu=vfpv3 -mfloat-abi=hard -I../../fsbl_bsp/ps7_cortexa9_0/include -MMD -MP -MF"src/main.d" -MT"src/main.o" -o "src/main.o" "../src/main.c"
'Finished building: ../src/main.c'
' '
'Building file: ../src/md5.c'
'Invoking: ARM v7 gcc compiler'
arm-none-eabi-gcc -Wall -O0 -g3 -I"Z:\Software\uio-test-system\uio-test-system.sdk\base_wrapper_hw_platform_0" -c -fmessage-length=0 -MT"src/md5.o" -mcpu=cortex-a9 -mfpu=vfpv3 -mfloat-abi=hard -I../../fsbl_bsp/ps7_cortexa9_0/include -MMD -MP -MF"src/md5.d" -MT"src/md5.o" -o "src/md5.o" "../src/md5.c"
'Finished building: ../src/md5.c'
' '
'Building file: ../src/nand.c'
'Invoking: ARM v7 gcc compiler'
arm-none-eabi-gcc -Wall -O0 -g3 -I"Z:\Software\uio-test-system\uio-test-system.sdk\base_wrapper_hw_platform_0" -c -fmessage-length=0 -MT"src/nand.o" -mcpu=cortex-a9 -mfpu=vfpv3 -mfloat-abi=hard -I../../fsbl_bsp/ps7_cortexa9_0/include -MMD -MP -MF"src/nand.d" -MT"src/nand.o" -o "src/nand.o" "../src/nand.c"
'Finished building: ../src/nand.c'
' '
'Building file: ../src/nor.c'
'Invoking: ARM v7 gcc compiler'
arm-none-eabi-gcc -Wall -O0 -g3 -I"Z:\Software\uio-test-system\uio-test-system.sdk\base_wrapper_hw_platform_0" -c -fmessage-length=0 -MT"src/nor.o" -mcpu=cortex-a9 -mfpu=vfpv3 -mfloat-abi=hard -I../../fsbl_bsp/ps7_cortexa9_0/include -MMD -MP -MF"src/nor.d" -MT"src/nor.o" -o "src/nor.o" "../src/nor.c"
'Finished building: ../src/nor.c'
' '
'Building file: ../src/pcap.c'
'Invoking: ARM v7 gcc compiler'
arm-none-eabi-gcc -Wall -O0 -g3 -I"Z:\Software\uio-test-system\uio-test-system.sdk\base_wrapper_hw_platform_0" -c -fmessage-length=0 -MT"src/pcap.o" -mcpu=cortex-a9 -mfpu=vfpv3 -mfloat-abi=hard -I../../fsbl_bsp/ps7_cortexa9_0/include -MMD -MP -MF"src/pcap.d" -MT"src/pcap.o" -o "src/pcap.o" "../src/pcap.c"
'Finished building: ../src/pcap.c'
' '
'Building file: Z:/Software/uio-test-system/uio-test-system.sdk/base_wrapper_hw_platform_0/ps7_init.c'
'Invoking: ARM v7 gcc compiler'
arm-none-eabi-gcc -Wall -O0 -g3 -I"Z:\Software\uio-test-system\uio-test-system.sdk\base_wrapper_hw_platform_0" -c -fmessage-length=0 -MT"src/ps7_init.o" -mcpu=cortex-a9 -mfpu=vfpv3 -mfloat-abi=hard -I../../fsbl_bsp/ps7_cortexa9_0/include -MMD -MP -MF"src/ps7_init.d" -MT"src/ps7_init.o" -o "src/ps7_init.o" "Z:/Software/uio-test-system/uio-test-system.sdk/base_wrapper_hw_platform_0/ps7_init.c"
'Finished building: Z:/Software/uio-test-system/uio-test-system.sdk/base_wrapper_hw_platform_0/ps7_init.c'
' '
'Building file: ../src/qspi.c'
'Invoking: ARM v7 gcc compiler'
arm-none-eabi-gcc -Wall -O0 -g3 -I"Z:\Software\uio-test-system\uio-test-system.sdk\base_wrapper_hw_platform_0" -c -fmessage-length=0 -MT"src/qspi.o" -mcpu=cortex-a9 -mfpu=vfpv3 -mfloat-abi=hard -I../../fsbl_bsp/ps7_cortexa9_0/include -MMD -MP -MF"src/qspi.d" -MT"src/qspi.o" -o "src/qspi.o" "../src/qspi.c"
'Finished building: ../src/qspi.c'
' '
'Building file: ../src/rsa.c'
'Invoking: ARM v7 gcc compiler'
arm-none-eabi-gcc -Wall -O0 -g3 -I"Z:\Software\uio-test-system\uio-test-system.sdk\base_wrapper_hw_platform_0" -c -fmessage-length=0 -MT"src/rsa.o" -mcpu=cortex-a9 -mfpu=vfpv3 -mfloat-abi=hard -I../../fsbl_bsp/ps7_cortexa9_0/include -MMD -MP -MF"src/rsa.d" -MT"src/rsa.o" -o "src/rsa.o" "../src/rsa.c"
'Finished building: ../src/rsa.c'
' '
'Building file: ../src/sd.c'
'Invoking: ARM v7 gcc compiler'
arm-none-eabi-gcc -Wall -O0 -g3 -I"Z:\Software\uio-test-system\uio-test-system.sdk\base_wrapper_hw_platform_0" -c -fmessage-length=0 -MT"src/sd.o" -mcpu=cortex-a9 -mfpu=vfpv3 -mfloat-abi=hard -I../../fsbl_bsp/ps7_cortexa9_0/include -MMD -MP -MF"src/sd.d" -MT"src/sd.o" -o "src/sd.o" "../src/sd.c"
'Finished building: ../src/sd.c'
' '
'Building target: fsbl.elf'
'Invoking: ARM v7 gcc linker'
arm-none-eabi-gcc -mcpu=cortex-a9 -mfpu=vfpv3 -mfloat-abi=hard -Wl,-build-id=none -specs=Xilinx.spec -Wl,-T -Wl,../src/lscript.ld -L../../fsbl_bsp/ps7_cortexa9_0/lib -o "fsbl.elf"  ./src/fsbl_handoff.o ./src/fsbl_hooks.o ./src/image_mover.o ./src/main.o ./src/md5.o ./src/nand.o ./src/nor.o ./src/pcap.o ./src/ps7_init.o ./src/qspi.o ./src/rsa.o ./src/sd.o   -Wl,--start-group,-lxil,-lgcc,-lc,--end-group -Wl,--start-group,-lxilffs,-lxil,-lgcc,-lc,--end-group -Wl,--start-group,-lrsa,-lxil,-lgcc,-lc,--end-group
'Finished building target: fsbl.elf'
' '
'Invoking: ARM v7 Print Size'
arm-none-eabi-size fsbl.elf  |tee "fsbl.elf.size"
   text	   data	    bss	    dec	    hex	filename
  78520	  11512	  74344	 164376	  28218	fsbl.elf
'Finished building: fsbl.elf.size'
' '
23:02:37 **** Build of configuration Debug for project tester ****
make all 
make: Nothing to be done for `all'.
23:05:46 **** Auto Build of configuration Debug for project tester ****
make all 
'Building file: ../src/main.c'
'Invoking: ARM v7 Linux gcc compiler'
arm-linux-gnueabihf-gcc -DDEBUG -Wall -O0 -g3 -c -fmessage-length=0 -MT"src/main.o" -MMD -MP -MF"src/main.d" -MT"src/main.o" -o "src/main.o" "../src/main.c"
../src/main.c: In function 'uio_run':
../src/main.c:380:38: warning: unused variable 'ch' [-Wunused-variable]
  unsigned long tri, ier, gier, data, ch, isr;
                                      ^~
'Finished building: ../src/main.c'
' '
'Building target: tester.elf'
'Invoking: ARM v7 Linux gcc linker'
arm-linux-gnueabihf-gcc  -o "tester.elf"  ./src/main.o   
'Finished building target: tester.elf'
' '
'Invoking: ARM v7 Linux Print Size'
arm-linux-gnueabihf-size tester.elf  |tee "tester.elf.size"
   text	   data	    bss	    dec	    hex	filename
   7486	    400	     16	   7902	   1ede	tester.elf
'Finished building: tester.elf.size'
' '
23:06:48 **** Auto Build of configuration Debug for project tester ****
make all 
'Building file: ../src/main.c'
'Invoking: ARM v7 Linux gcc compiler'
arm-linux-gnueabihf-gcc -DDEBUG -Wall -O0 -g3 -c -fmessage-length=0 -MT"src/main.o" -MMD -MP -MF"src/main.d" -MT"src/main.o" -o "src/main.o" "../src/main.c"
../src/main.c: In function 'uio_run':
../src/main.c:381:38: warning: unused variable 'ch' [-Wunused-variable]
  unsigned long tri, ier, gier, data, ch, isr;
                                      ^~
'Finished building: ../src/main.c'
' '
'Building target: tester.elf'
'Invoking: ARM v7 Linux gcc linker'
arm-linux-gnueabihf-gcc  -o "tester.elf"  ./src/main.o   
'Finished building target: tester.elf'
' '
'Invoking: ARM v7 Linux Print Size'
arm-linux-gnueabihf-size tester.elf  |tee "tester.elf.size"
   text	   data	    bss	    dec	    hex	filename
   7486	    400	     16	   7902	   1ede	tester.elf
'Finished building: tester.elf.size'
' '
23:07:53 **** Auto Build of configuration Debug for project tester ****
make all 
'Building file: ../src/main.c'
'Invoking: ARM v7 Linux gcc compiler'
arm-linux-gnueabihf-gcc -DDEBUG -Wall -O0 -g3 -c -fmessage-length=0 -MT"src/main.o" -MMD -MP -MF"src/main.d" -MT"src/main.o" -o "src/main.o" "../src/main.c"
../src/main.c: In function 'uio_run':
../src/main.c:389:38: warning: unused variable 'ch' [-Wunused-variable]
  unsigned long tri, ier, gier, data, ch, isr;
                                      ^~
'Finished building: ../src/main.c'
' '
'Building target: tester.elf'
'Invoking: ARM v7 Linux gcc linker'
arm-linux-gnueabihf-gcc  -o "tester.elf"  ./src/main.o   
'Finished building target: tester.elf'
' '
'Invoking: ARM v7 Linux Print Size'
arm-linux-gnueabihf-size tester.elf  |tee "tester.elf.size"
   text	   data	    bss	    dec	    hex	filename
   7486	    400	     16	   7902	   1ede	tester.elf
'Finished building: tester.elf.size'
' '
23:09:33 **** Auto Build of configuration Debug for project tester ****
make all 
'Building file: ../src/main.c'
'Invoking: ARM v7 Linux gcc compiler'
arm-linux-gnueabihf-gcc -DDEBUG -Wall -O0 -g3 -c -fmessage-length=0 -MT"src/main.o" -MMD -MP -MF"src/main.d" -MT"src/main.o" -o "src/main.o" "../src/main.c"
../src/main.c: In function 'uio_run':
../src/main.c:399:38: warning: unused variable 'ch' [-Wunused-variable]
  unsigned long tri, ier, gier, data, ch, isr;
                                      ^~
'Finished building: ../src/main.c'
' '
'Building target: tester.elf'
'Invoking: ARM v7 Linux gcc linker'
arm-linux-gnueabihf-gcc  -o "tester.elf"  ./src/main.o   
'Finished building target: tester.elf'
' '
'Invoking: ARM v7 Linux Print Size'
arm-linux-gnueabihf-size tester.elf  |tee "tester.elf.size"
   text	   data	    bss	    dec	    hex	filename
   7486	    400	     16	   7902	   1ede	tester.elf
'Finished building: tester.elf.size'
' '
23:09:42 **** Auto Build of configuration Debug for project tester ****
make all 
'Building file: ../src/main.c'
'Invoking: ARM v7 Linux gcc compiler'
arm-linux-gnueabihf-gcc -DDEBUG -Wall -O0 -g3 -c -fmessage-length=0 -MT"src/main.o" -MMD -MP -MF"src/main.d" -MT"src/main.o" -o "src/main.o" "../src/main.c"
../src/main.c: In function 'uio_run':
../src/main.c:398:38: warning: unused variable 'ch' [-Wunused-variable]
  unsigned long tri, ier, gier, data, ch, isr;
                                      ^~
'Finished building: ../src/main.c'
' '
'Building target: tester.elf'
'Invoking: ARM v7 Linux gcc linker'
arm-linux-gnueabihf-gcc  -o "tester.elf"  ./src/main.o   
'Finished building target: tester.elf'
' '
'Invoking: ARM v7 Linux Print Size'
arm-linux-gnueabihf-size tester.elf  |tee "tester.elf.size"
   text	   data	    bss	    dec	    hex	filename
   7486	    400	     16	   7902	   1ede	tester.elf
'Finished building: tester.elf.size'
' '
23:09:47 **** Auto Build of configuration Debug for project tester ****
make all 
'Building file: ../src/main.c'
'Invoking: ARM v7 Linux gcc compiler'
arm-linux-gnueabihf-gcc -DDEBUG -Wall -O0 -g3 -c -fmessage-length=0 -MT"src/main.o" -MMD -MP -MF"src/main.d" -MT"src/main.o" -o "src/main.o" "../src/main.c"
../src/main.c: In function 'uio_run':
../src/main.c:397:38: warning: unused variable 'ch' [-Wunused-variable]
  unsigned long tri, ier, gier, data, ch, isr;
                                      ^~
'Finished building: ../src/main.c'
' '
'Building target: tester.elf'
'Invoking: ARM v7 Linux gcc linker'
arm-linux-gnueabihf-gcc  -o "tester.elf"  ./src/main.o   
'Finished building target: tester.elf'
' '
'Invoking: ARM v7 Linux Print Size'
arm-linux-gnueabihf-size tester.elf  |tee "tester.elf.size"
   text	   data	    bss	    dec	    hex	filename
   7486	    400	     16	   7902	   1ede	tester.elf
'Finished building: tester.elf.size'
' '
23:09:54 **** Auto Build of configuration Debug for project tester ****
make all 
'Building file: ../src/main.c'
'Invoking: ARM v7 Linux gcc compiler'
arm-linux-gnueabihf-gcc -DDEBUG -Wall -O0 -g3 -c -fmessage-length=0 -MT"src/main.o" -MMD -MP -MF"src/main.d" -MT"src/main.o" -o "src/main.o" "../src/main.c"
../src/main.c: In function 'uio_run':
../src/main.c:396:38: warning: unused variable 'ch' [-Wunused-variable]
  unsigned long tri, ier, gier, data, ch, isr;
                                      ^~
'Finished building: ../src/main.c'
' '
'Building target: tester.elf'
'Invoking: ARM v7 Linux gcc linker'
arm-linux-gnueabihf-gcc  -o "tester.elf"  ./src/main.o   
'Finished building target: tester.elf'
' '
'Invoking: ARM v7 Linux Print Size'
arm-linux-gnueabihf-size tester.elf  |tee "tester.elf.size"
   text	   data	    bss	    dec	    hex	filename
   7486	    400	     16	   7902	   1ede	tester.elf
'Finished building: tester.elf.size'
' '
23:10:41 **** Auto Build of configuration Debug for project tester ****
make all 
'Building file: ../src/uio.c'
'Invoking: ARM v7 Linux gcc compiler'
arm-linux-gnueabihf-gcc -DDEBUG -Wall -O0 -g3 -c -fmessage-length=0 -MT"src/uio.o" -MMD -MP -MF"src/uio.d" -MT"src/uio.o" -o "src/uio.o" "../src/uio.c"
'Finished building: ../src/uio.c'
' '
'Building target: tester.elf'
'Invoking: ARM v7 Linux gcc linker'
arm-linux-gnueabihf-gcc  -o "tester.elf"  ./src/main.o ./src/uio.o   
'Finished building target: tester.elf'
' '
'Invoking: ARM v7 Linux Print Size'
arm-linux-gnueabihf-size tester.elf  |tee "tester.elf.size"
   text	   data	    bss	    dec	    hex	filename
   7486	    400	     16	   7902	   1ede	tester.elf
'Finished building: tester.elf.size'
' '
23:11:05 **** Auto Build of configuration Debug for project tester ****
make all 
'Building file: ../src/uio.c'
'Invoking: ARM v7 Linux gcc compiler'
arm-linux-gnueabihf-gcc -DDEBUG -Wall -O0 -g3 -c -fmessage-length=0 -MT"src/uio.o" -MMD -MP -MF"src/uio.d" -MT"src/uio.o" -o "src/uio.o" "../src/uio.c"
'Finished building: ../src/uio.c'
' '
'Building target: tester.elf'
'Invoking: ARM v7 Linux gcc linker'
arm-linux-gnueabihf-gcc  -o "tester.elf"  ./src/main.o ./src/uio.o   
'Finished building target: tester.elf'
' '
'Invoking: ARM v7 Linux Print Size'
arm-linux-gnueabihf-size tester.elf  |tee "tester.elf.size"
   text	   data	    bss	    dec	    hex	filename
   7486	    400	     16	   7902	   1ede	tester.elf
'Finished building: tester.elf.size'
' '
23:11:49 **** Auto Build of configuration Debug for project tester ****
make all 
make: Nothing to be done for `all'.
23:12:19 **** Auto Build of configuration Debug for project tester ****
make all 
make: Nothing to be done for `all'.
23:12:22 **** Auto Build of configuration Debug for project tester ****
make all 
'Building file: ../src/main.c'
'Invoking: ARM v7 Linux gcc compiler'
arm-linux-gnueabihf-gcc -DDEBUG -Wall -O0 -g3 -c -fmessage-length=0 -MT"src/main.o" -MMD -MP -MF"src/main.d" -MT"src/main.o" -o "src/main.o" "../src/main.c"
../src/main.c:255:29: warning: 'struct uio_info' declared inside parameter list will not be visible outside of this definition or declaration
 int uio_get_mem_info(struct uio_info *uio, int map_num)
                             ^~~~~~~~
../src/main.c: In function 'uio_get_mem_info':
../src/main.c:264:22: error: dereferencing pointer to incomplete type 'struct uio_info'
  uio_get_mem_name(uio->num, map_num, name);
                      ^~
../src/main.c: In function 'uio_read_maps':
../src/main.c:310:24: error: invalid application of 'sizeof' to incomplete type 'struct uio_map_info'
   maps = malloc(sizeof(struct uio_map_info) * num);
                        ^~~~~~
../src/main.c:315:33: error: increment of pointer to an incomplete type 'struct uio_map_info'
   for (i = 0; i < num; i++, pmap++) {
                                 ^~
../src/main.c:316:8: error: dereferencing pointer to incomplete type 'struct uio_map_info'
    pmap->num = i;
        ^~
../src/main.c: In function 'uio_run':
../src/main.c:381:38: warning: unused variable 'ch' [-Wunused-variable]
  unsigned long tri, ier, gier, data, ch, isr;
                                      ^~
make: *** [src/main.o] Error 1
23:14:33 **** Auto Build of configuration Debug for project tester ****
make all 
'Building file: ../src/main.c'
'Invoking: ARM v7 Linux gcc compiler'
arm-linux-gnueabihf-gcc -DDEBUG -Wall -O0 -g3 -c -fmessage-length=0 -MT"src/main.o" -MMD -MP -MF"src/main.d" -MT"src/main.o" -o "src/main.o" "../src/main.c"
../src/main.c:255:29: warning: 'struct uio_info' declared inside parameter list will not be visible outside of this definition or declaration
 int uio_get_mem_info(struct uio_info *uio, int map_num)
                             ^~~~~~~~
../src/main.c: In function 'uio_get_mem_info':
../src/main.c:264:22: error: dereferencing pointer to incomplete type 'struct uio_info'
  uio_get_mem_name(uio->num, map_num, name);
                      ^~
../src/main.c: In function 'uio_read_maps':
../src/main.c:310:24: error: invalid application of 'sizeof' to incomplete type 'struct uio_map_info'
   maps = malloc(sizeof(struct uio_map_info) * num);
                        ^~~~~~
../src/main.c:315:33: error: increment of pointer to an incomplete type 'struct uio_map_info'
   for (i = 0; i < num; i++, pmap++) {
                                 ^~
../src/main.c:316:8: error: dereferencing pointer to incomplete type 'struct uio_map_info'
    pmap->num = i;
        ^~
../src/main.c: In function 'uio_run':
../src/main.c:381:38: warning: unused variable 'ch' [-Wunused-variable]
  unsigned long tri, ier, gier, data, ch, isr;
                                      ^~
make: *** [src/main.o] Error 1
23:14:40 **** Auto Build of configuration Debug for project tester ****
make all 
'Building file: ../src/main.c'
'Invoking: ARM v7 Linux gcc compiler'
arm-linux-gnueabihf-gcc -DDEBUG -Wall -O0 -g3 -c -fmessage-length=0 -MT"src/main.o" -MMD -MP -MF"src/main.d" -MT"src/main.o" -o "src/main.o" "../src/main.c"
../src/main.c: In function 'uio_read_maps':
../src/main.c:159:24: error: invalid application of 'sizeof' to incomplete type 'struct uio_map_info'
   maps = malloc(sizeof(struct uio_map_info) * num);
                        ^~~~~~
../src/main.c:164:33: error: increment of pointer to an incomplete type 'struct uio_map_info'
   for (i = 0; i < num; i++, pmap++) {
                                 ^~
../src/main.c:165:8: error: dereferencing pointer to incomplete type 'struct uio_map_info'
    pmap->num = i;
        ^~
../src/main.c:166:4: warning: implicit declaration of function 'uio_get_mem_name' [-Wimplicit-function-declaration]
    uio_get_mem_name(uio_num, pmap->num, pmap->name);
    ^~~~~~~~~~~~~~~~
../src/main.c:167:4: warning: implicit declaration of function 'uio_get_mem_addr' [-Wimplicit-function-declaration]
    uio_get_mem_addr(uio_num, pmap->num, &pmap->addr);
    ^~~~~~~~~~~~~~~~
../src/main.c:168:4: warning: implicit declaration of function 'uio_get_mem_size' [-Wimplicit-function-declaration]
    uio_get_mem_size(uio_num, pmap->num, &pmap->size);
    ^~~~~~~~~~~~~~~~
../src/main.c:169:4: warning: implicit declaration of function 'uio_get_mem_offset' [-Wimplicit-function-declaration]
    uio_get_mem_offset(uio_num, pmap->num, &pmap->offset);
    ^~~~~~~~~~~~~~~~~~
../src/main.c: In function 'uio_run':
../src/main.c:230:38: warning: unused variable 'ch' [-Wunused-variable]
  unsigned long tri, ier, gier, data, ch, isr;
                                      ^~
make: *** [src/main.o] Error 1
23:14:57 **** Auto Build of configuration Debug for project tester ****
make all 
'Building file: ../src/main.c'
'Invoking: ARM v7 Linux gcc compiler'
arm-linux-gnueabihf-gcc -DDEBUG -Wall -O0 -g3 -c -fmessage-length=0 -MT"src/main.o" -MMD -MP -MF"src/main.d" -MT"src/main.o" -o "src/main.o" "../src/main.c"
../src/main.c: In function 'uio_read_maps':
../src/main.c:167:4: warning: implicit declaration of function 'uio_get_mem_name' [-Wimplicit-function-declaration]
    uio_get_mem_name(uio_num, pmap->num, pmap->name);
    ^~~~~~~~~~~~~~~~
../src/main.c:168:4: warning: implicit declaration of function 'uio_get_mem_addr' [-Wimplicit-function-declaration]
    uio_get_mem_addr(uio_num, pmap->num, &pmap->addr);
    ^~~~~~~~~~~~~~~~
../src/main.c:169:4: warning: implicit declaration of function 'uio_get_mem_size' [-Wimplicit-function-declaration]
    uio_get_mem_size(uio_num, pmap->num, &pmap->size);
    ^~~~~~~~~~~~~~~~
../src/main.c:170:4: warning: implicit declaration of function 'uio_get_mem_offset' [-Wimplicit-function-declaration]
    uio_get_mem_offset(uio_num, pmap->num, &pmap->offset);
    ^~~~~~~~~~~~~~~~~~
../src/main.c: In function 'uio_run':
../src/main.c:231:38: warning: unused variable 'ch' [-Wunused-variable]
  unsigned long tri, ier, gier, data, ch, isr;
                                      ^~
'Finished building: ../src/main.c'
' '
'Building file: ../src/uio.c'
'Invoking: ARM v7 Linux gcc compiler'
arm-linux-gnueabihf-gcc -DDEBUG -Wall -O0 -g3 -c -fmessage-length=0 -MT"src/uio.o" -MMD -MP -MF"src/uio.d" -MT"src/uio.o" -o "src/uio.o" "../src/uio.c"
../src/uio.c: In function 'get_sysfs_attr':
../src/uio.c:61:2: error: unknown type name 'FILE'
  FILE *file;
  ^~~~
../src/uio.c:62:13: error: 'FILENAME_MAX_LEN' undeclared (first use in this function)
  char fname[FILENAME_MAX_LEN];
             ^~~~~~~~~~~~~~~~
../src/uio.c:62:13: note: each undeclared identifier is reported only once for each function it appears in
../src/uio.c:64:2: warning: implicit declaration of function 'sprintf' [-Wimplicit-function-declaration]
  sprintf(fname, SYSFS_UIO_BASE "uio%d/%s", uio_num, attr);
  ^~~~~~~
../src/uio.c:64:2: warning: incompatible implicit declaration of built-in function 'sprintf'
../src/uio.c:64:2: note: include '<stdio.h>' or provide a declaration of 'sprintf'
../src/uio.c:64:17: error: 'SYSFS_UIO_BASE' undeclared (first use in this function)
  sprintf(fname, SYSFS_UIO_BASE "uio%d/%s", uio_num, attr);
                 ^~~~~~~~~~~~~~
../src/uio.c:64:32: error: expected ')' before string constant
  sprintf(fname, SYSFS_UIO_BASE "uio%d/%s", uio_num, attr);
                                ^~~~~~~~~~
../src/uio.c:66:9: warning: implicit declaration of function 'fopen' [-Wimplicit-function-declaration]
  file = fopen(fname, "r");
         ^~~~~
../src/uio.c:70:2: warning: implicit declaration of function 'fseek' [-Wimplicit-function-declaration]
  fseek(file, 0, SEEK_END);
  ^~~~~
../src/uio.c:70:17: error: 'SEEK_END' undeclared (first use in this function)
  fseek(file, 0, SEEK_END);
                 ^~~~~~~~
../src/uio.c:71:8: warning: implicit declaration of function 'ftell' [-Wimplicit-function-declaration]
  len = ftell(file);
        ^~~~~
../src/uio.c:72:17: error: 'SEEK_SET' undeclared (first use in this function)
  fseek(file, 0, SEEK_SET);
                 ^~~~~~~~
../src/uio.c:74:2: warning: implicit declaration of function 'fread' [-Wimplicit-function-declaration]
  fread(buf, 1, len, file);
  ^~~~~
../src/uio.c:76:2: warning: implicit declaration of function 'DEBUG_PRINT' [-Wimplicit-function-declaration]
  DEBUG_PRINT("Attribute: %s", buf);
  ^~~~~~~~~~~
../src/uio.c:78:2: warning: implicit declaration of function 'fclose' [-Wimplicit-function-declaration]
  fclose(file);
  ^~~~~~
../src/uio.c:62:7: warning: unused variable 'fname' [-Wunused-variable]
  char fname[FILENAME_MAX_LEN];
       ^~~~~
../src/uio.c: In function 'get_map_attr':
../src/uio.c:97:16: error: 'ATTR_MAX_LEN' undeclared (first use in this function)
  char uio_attr[ATTR_MAX_LEN];
                ^~~~~~~~~~~~
../src/uio.c:99:2: warning: incompatible implicit declaration of built-in function 'sprintf'
  sprintf(uio_attr, "maps/map%d/%s", map_num, attr);
  ^~~~~~~
../src/uio.c:99:2: note: include '<stdio.h>' or provide a declaration of 'sprintf'
../src/uio.c:97:7: warning: unused variable 'uio_attr' [-Wunused-variable]
  char uio_attr[ATTR_MAX_LEN];
       ^~~~~~~~
../src/uio.c: In function 'uio_get_mem_size':
../src/uio.c:131:11: error: 'ATTR_VALUE_MAX_LEN' undeclared (first use in this function)
  char buf[ATTR_VALUE_MAX_LEN];
           ^~~~~~~~~~~~~~~~~~
../src/uio.c:137:9: warning: implicit declaration of function 'sscanf' [-Wimplicit-function-declaration]
  return sscanf(buf, "0x%lx", size);
         ^~~~~~
../src/uio.c:137:9: warning: incompatible implicit declaration of built-in function 'sscanf'
../src/uio.c:137:9: note: include '<stdio.h>' or provide a declaration of 'sscanf'
../src/uio.c:131:7: warning: unused variable 'buf' [-Wunused-variable]
  char buf[ATTR_VALUE_MAX_LEN];
       ^~~
../src/uio.c: In function 'uio_get_mem_addr':
../src/uio.c:153:11: error: 'ATTR_VALUE_MAX_LEN' undeclared (first use in this function)
  char buf[ATTR_VALUE_MAX_LEN];
           ^~~~~~~~~~~~~~~~~~
../src/uio.c:159:9: warning: incompatible implicit declaration of built-in function 'sscanf'
  return sscanf(buf, "0x%lx", addr);
         ^~~~~~
../src/uio.c:159:9: note: include '<stdio.h>' or provide a declaration of 'sscanf'
../src/uio.c:153:7: warning: unused variable 'buf' [-Wunused-variable]
  char buf[ATTR_VALUE_MAX_LEN];
       ^~~
../src/uio.c: In function 'uio_get_mem_offset':
../src/uio.c:175:11: error: 'ATTR_VALUE_MAX_LEN' undeclared (first use in this function)
  char buf[ATTR_VALUE_MAX_LEN];
           ^~~~~~~~~~~~~~~~~~
../src/uio.c:181:9: warning: incompatible implicit declaration of built-in function 'sscanf'
  return sscanf(buf, "0x%lx", offset);
         ^~~~~~
../src/uio.c:181:9: note: include '<stdio.h>' or provide a declaration of 'sscanf'
../src/uio.c:175:7: warning: unused variable 'buf' [-Wunused-variable]
  char buf[ATTR_VALUE_MAX_LEN];
       ^~~
../src/uio.c: In function 'uio_get_mem_info':
../src/uio.c:190:12: error: 'ATTR_VALUE_MAX_LEN' undeclared (first use in this function)
  char name[ATTR_VALUE_MAX_LEN];
            ^~~~~~~~~~~~~~~~~~
../src/uio.c:190:7: warning: unused variable 'name' [-Wunused-variable]
  char name[ATTR_VALUE_MAX_LEN];
       ^~~~
../src/uio.c: In function 'get_map_attr':
../src/uio.c:102:1: warning: control reaches end of non-void function [-Wreturn-type]
 }
 ^
../src/uio.c: In function 'uio_get_mem_size':
../src/uio.c:138:1: warning: control reaches end of non-void function [-Wreturn-type]
 }
 ^
../src/uio.c: In function 'uio_get_mem_addr':
../src/uio.c:160:1: warning: control reaches end of non-void function [-Wreturn-type]
 }
 ^
../src/uio.c: In function 'uio_get_mem_offset':
../src/uio.c:182:1: warning: control reaches end of non-void function [-Wreturn-type]
 }
 ^
make: *** [src/uio.o] Error 1
23:15:13 **** Auto Build of configuration Debug for project tester ****
make all 
'Building file: ../src/main.c'
'Invoking: ARM v7 Linux gcc compiler'
arm-linux-gnueabihf-gcc -DDEBUG -Wall -O0 -g3 -c -fmessage-length=0 -MT"src/main.o" -MMD -MP -MF"src/main.d" -MT"src/main.o" -o "src/main.o" "../src/main.c"
../src/main.c: In function 'uio_read_maps':
../src/main.c:167:4: warning: implicit declaration of function 'uio_get_mem_name' [-Wimplicit-function-declaration]
    uio_get_mem_name(uio_num, pmap->num, pmap->name);
    ^~~~~~~~~~~~~~~~
../src/main.c:168:4: warning: implicit declaration of function 'uio_get_mem_addr' [-Wimplicit-function-declaration]
    uio_get_mem_addr(uio_num, pmap->num, &pmap->addr);
    ^~~~~~~~~~~~~~~~
../src/main.c:169:4: warning: implicit declaration of function 'uio_get_mem_size' [-Wimplicit-function-declaration]
    uio_get_mem_size(uio_num, pmap->num, &pmap->size);
    ^~~~~~~~~~~~~~~~
../src/main.c:170:4: warning: implicit declaration of function 'uio_get_mem_offset' [-Wimplicit-function-declaration]
    uio_get_mem_offset(uio_num, pmap->num, &pmap->offset);
    ^~~~~~~~~~~~~~~~~~
../src/main.c: In function 'uio_run':
../src/main.c:230:38: warning: unused variable 'ch' [-Wunused-variable]
  unsigned long tri, ier, gier, data, ch, isr;
                                      ^~
'Finished building: ../src/main.c'
' '
'Building file: ../src/uio.c'
'Invoking: ARM v7 Linux gcc compiler'
arm-linux-gnueabihf-gcc -DDEBUG -Wall -O0 -g3 -c -fmessage-length=0 -MT"src/uio.o" -MMD -MP -MF"src/uio.d" -MT"src/uio.o" -o "src/uio.o" "../src/uio.c"
../src/uio.c: In function 'get_sysfs_attr':
../src/uio.c:61:2: error: unknown type name 'FILE'
  FILE *file;
  ^~~~
../src/uio.c:62:13: error: 'FILENAME_MAX_LEN' undeclared (first use in this function)
  char fname[FILENAME_MAX_LEN];
             ^~~~~~~~~~~~~~~~
../src/uio.c:62:13: note: each undeclared identifier is reported only once for each function it appears in
../src/uio.c:64:2: warning: implicit declaration of function 'sprintf' [-Wimplicit-function-declaration]
  sprintf(fname, SYSFS_UIO_BASE "uio%d/%s", uio_num, attr);
  ^~~~~~~
../src/uio.c:64:2: warning: incompatible implicit declaration of built-in function 'sprintf'
../src/uio.c:64:2: note: include '<stdio.h>' or provide a declaration of 'sprintf'
../src/uio.c:64:17: error: 'SYSFS_UIO_BASE' undeclared (first use in this function)
  sprintf(fname, SYSFS_UIO_BASE "uio%d/%s", uio_num, attr);
                 ^~~~~~~~~~~~~~
../src/uio.c:64:32: error: expected ')' before string constant
  sprintf(fname, SYSFS_UIO_BASE "uio%d/%s", uio_num, attr);
                                ^~~~~~~~~~
../src/uio.c:66:9: warning: implicit declaration of function 'fopen' [-Wimplicit-function-declaration]
  file = fopen(fname, "r");
         ^~~~~
../src/uio.c:70:2: warning: implicit declaration of function 'fseek' [-Wimplicit-function-declaration]
  fseek(file, 0, SEEK_END);
  ^~~~~
../src/uio.c:70:17: error: 'SEEK_END' undeclared (first use in this function)
  fseek(file, 0, SEEK_END);
                 ^~~~~~~~
../src/uio.c:71:8: warning: implicit declaration of function 'ftell' [-Wimplicit-function-declaration]
  len = ftell(file);
        ^~~~~
../src/uio.c:72:17: error: 'SEEK_SET' undeclared (first use in this function)
  fseek(file, 0, SEEK_SET);
                 ^~~~~~~~
../src/uio.c:74:2: warning: implicit declaration of function 'fread' [-Wimplicit-function-declaration]
  fread(buf, 1, len, file);
  ^~~~~
../src/uio.c:76:2: warning: implicit declaration of function 'DEBUG_PRINT' [-Wimplicit-function-declaration]
  DEBUG_PRINT("Attribute: %s", buf);
  ^~~~~~~~~~~
../src/uio.c:78:2: warning: implicit declaration of function 'fclose' [-Wimplicit-function-declaration]
  fclose(file);
  ^~~~~~
../src/uio.c:62:7: warning: unused variable 'fname' [-Wunused-variable]
  char fname[FILENAME_MAX_LEN];
       ^~~~~
../src/uio.c: In function 'get_map_attr':
../src/uio.c:97:16: error: 'ATTR_MAX_LEN' undeclared (first use in this function)
  char uio_attr[ATTR_MAX_LEN];
                ^~~~~~~~~~~~
../src/uio.c:99:2: warning: incompatible implicit declaration of built-in function 'sprintf'
  sprintf(uio_attr, "maps/map%d/%s", map_num, attr);
  ^~~~~~~
../src/uio.c:99:2: note: include '<stdio.h>' or provide a declaration of 'sprintf'
../src/uio.c:97:7: warning: unused variable 'uio_attr' [-Wunused-variable]
  char uio_attr[ATTR_MAX_LEN];
       ^~~~~~~~
../src/uio.c: In function 'uio_get_mem_size':
../src/uio.c:131:11: error: 'ATTR_VALUE_MAX_LEN' undeclared (first use in this function)
  char buf[ATTR_VALUE_MAX_LEN];
           ^~~~~~~~~~~~~~~~~~
../src/uio.c:137:9: warning: implicit declaration of function 'sscanf' [-Wimplicit-function-declaration]
  return sscanf(buf, "0x%lx", size);
         ^~~~~~
../src/uio.c:137:9: warning: incompatible implicit declaration of built-in function 'sscanf'
../src/uio.c:137:9: note: include '<stdio.h>' or provide a declaration of 'sscanf'
../src/uio.c:131:7: warning: unused variable 'buf' [-Wunused-variable]
  char buf[ATTR_VALUE_MAX_LEN];
       ^~~
../src/uio.c: In function 'uio_get_mem_addr':
../src/uio.c:153:11: error: 'ATTR_VALUE_MAX_LEN' undeclared (first use in this function)
  char buf[ATTR_VALUE_MAX_LEN];
           ^~~~~~~~~~~~~~~~~~
../src/uio.c:159:9: warning: incompatible implicit declaration of built-in function 'sscanf'
  return sscanf(buf, "0x%lx", addr);
         ^~~~~~
../src/uio.c:159:9: note: include '<stdio.h>' or provide a declaration of 'sscanf'
../src/uio.c:153:7: warning: unused variable 'buf' [-Wunused-variable]
  char buf[ATTR_VALUE_MAX_LEN];
       ^~~
../src/uio.c: In function 'uio_get_mem_offset':
../src/uio.c:175:11: error: 'ATTR_VALUE_MAX_LEN' undeclared (first use in this function)
  char buf[ATTR_VALUE_MAX_LEN];
           ^~~~~~~~~~~~~~~~~~
../src/uio.c:181:9: warning: incompatible implicit declaration of built-in function 'sscanf'
  return sscanf(buf, "0x%lx", offset);
         ^~~~~~
../src/uio.c:181:9: note: include '<stdio.h>' or provide a declaration of 'sscanf'
../src/uio.c:175:7: warning: unused variable 'buf' [-Wunused-variable]
  char buf[ATTR_VALUE_MAX_LEN];
       ^~~
../src/uio.c: In function 'uio_get_mem_info':
../src/uio.c:190:12: error: 'ATTR_VALUE_MAX_LEN' undeclared (first use in this function)
  char name[ATTR_VALUE_MAX_LEN];
            ^~~~~~~~~~~~~~~~~~
../src/uio.c:190:7: warning: unused variable 'name' [-Wunused-variable]
  char name[ATTR_VALUE_MAX_LEN];
       ^~~~
../src/uio.c: In function 'get_map_attr':
../src/uio.c:102:1: warning: control reaches end of non-void function [-Wreturn-type]
 }
 ^
../src/uio.c: In function 'uio_get_mem_size':
../src/uio.c:138:1: warning: control reaches end of non-void function [-Wreturn-type]
 }
 ^
../src/uio.c: In function 'uio_get_mem_addr':
../src/uio.c:160:1: warning: control reaches end of non-void function [-Wreturn-type]
 }
 ^
../src/uio.c: In function 'uio_get_mem_offset':
../src/uio.c:182:1: warning: control reaches end of non-void function [-Wreturn-type]
 }
 ^
make: *** [src/uio.o] Error 1
23:16:12 **** Auto Build of configuration Debug for project tester ****
make all 
'Building file: ../src/main.c'
'Invoking: ARM v7 Linux gcc compiler'
arm-linux-gnueabihf-gcc -DDEBUG -Wall -O0 -g3 -c -fmessage-length=0 -MT"src/main.o" -MMD -MP -MF"src/main.d" -MT"src/main.o" -o "src/main.o" "../src/main.c"
../src/main.c: In function 'uio_run':
../src/main.c:135:38: warning: unused variable 'ch' [-Wunused-variable]
  unsigned long tri, ier, gier, data, ch, isr;
                                      ^~
'Finished building: ../src/main.c'
' '
'Building file: ../src/uio.c'
'Invoking: ARM v7 Linux gcc compiler'
arm-linux-gnueabihf-gcc -DDEBUG -Wall -O0 -g3 -c -fmessage-length=0 -MT"src/uio.o" -MMD -MP -MF"src/uio.d" -MT"src/uio.o" -o "src/uio.o" "../src/uio.c"
../src/uio.c: In function 'get_sysfs_attr':
../src/uio.c:61:2: error: unknown type name 'FILE'
  FILE *file;
  ^~~~
../src/uio.c:62:13: error: 'FILENAME_MAX_LEN' undeclared (first use in this function)
  char fname[FILENAME_MAX_LEN];
             ^~~~~~~~~~~~~~~~
../src/uio.c:62:13: note: each undeclared identifier is reported only once for each function it appears in
../src/uio.c:64:2: warning: implicit declaration of function 'sprintf' [-Wimplicit-function-declaration]
  sprintf(fname, SYSFS_UIO_BASE "uio%d/%s", uio_num, attr);
  ^~~~~~~
../src/uio.c:64:2: warning: incompatible implicit declaration of built-in function 'sprintf'
../src/uio.c:64:2: note: include '<stdio.h>' or provide a declaration of 'sprintf'
../src/uio.c:64:17: error: 'SYSFS_UIO_BASE' undeclared (first use in this function)
  sprintf(fname, SYSFS_UIO_BASE "uio%d/%s", uio_num, attr);
                 ^~~~~~~~~~~~~~
../src/uio.c:64:32: error: expected ')' before string constant
  sprintf(fname, SYSFS_UIO_BASE "uio%d/%s", uio_num, attr);
                                ^~~~~~~~~~
../src/uio.c:66:9: warning: implicit declaration of function 'fopen' [-Wimplicit-function-declaration]
  file = fopen(fname, "r");
         ^~~~~
../src/uio.c:70:2: warning: implicit declaration of function 'fseek' [-Wimplicit-function-declaration]
  fseek(file, 0, SEEK_END);
  ^~~~~
../src/uio.c:70:17: error: 'SEEK_END' undeclared (first use in this function)
  fseek(file, 0, SEEK_END);
                 ^~~~~~~~
../src/uio.c:71:8: warning: implicit declaration of function 'ftell' [-Wimplicit-function-declaration]
  len = ftell(file);
        ^~~~~
../src/uio.c:72:17: error: 'SEEK_SET' undeclared (first use in this function)
  fseek(file, 0, SEEK_SET);
                 ^~~~~~~~
../src/uio.c:74:2: warning: implicit declaration of function 'fread' [-Wimplicit-function-declaration]
  fread(buf, 1, len, file);
  ^~~~~
../src/uio.c:76:2: warning: implicit declaration of function 'DEBUG_PRINT' [-Wimplicit-function-declaration]
  DEBUG_PRINT("Attribute: %s", buf);
  ^~~~~~~~~~~
../src/uio.c:78:2: warning: implicit declaration of function 'fclose' [-Wimplicit-function-declaration]
  fclose(file);
  ^~~~~~
../src/uio.c:62:7: warning: unused variable 'fname' [-Wunused-variable]
  char fname[FILENAME_MAX_LEN];
       ^~~~~
../src/uio.c: In function 'get_map_attr':
../src/uio.c:97:16: error: 'ATTR_MAX_LEN' undeclared (first use in this function)
  char uio_attr[ATTR_MAX_LEN];
                ^~~~~~~~~~~~
../src/uio.c:99:2: warning: incompatible implicit declaration of built-in function 'sprintf'
  sprintf(uio_attr, "maps/map%d/%s", map_num, attr);
  ^~~~~~~
../src/uio.c:99:2: note: include '<stdio.h>' or provide a declaration of 'sprintf'
../src/uio.c:97:7: warning: unused variable 'uio_attr' [-Wunused-variable]
  char uio_attr[ATTR_MAX_LEN];
       ^~~~~~~~
../src/uio.c: In function 'uio_get_mem_size':
../src/uio.c:131:11: error: 'ATTR_VALUE_MAX_LEN' undeclared (first use in this function)
  char buf[ATTR_VALUE_MAX_LEN];
           ^~~~~~~~~~~~~~~~~~
../src/uio.c:137:9: warning: implicit declaration of function 'sscanf' [-Wimplicit-function-declaration]
  return sscanf(buf, "0x%lx", size);
         ^~~~~~
../src/uio.c:137:9: warning: incompatible implicit declaration of built-in function 'sscanf'
../src/uio.c:137:9: note: include '<stdio.h>' or provide a declaration of 'sscanf'
../src/uio.c:131:7: warning: unused variable 'buf' [-Wunused-variable]
  char buf[ATTR_VALUE_MAX_LEN];
       ^~~
../src/uio.c: In function 'uio_get_mem_addr':
../src/uio.c:153:11: error: 'ATTR_VALUE_MAX_LEN' undeclared (first use in this function)
  char buf[ATTR_VALUE_MAX_LEN];
           ^~~~~~~~~~~~~~~~~~
../src/uio.c:159:9: warning: incompatible implicit declaration of built-in function 'sscanf'
  return sscanf(buf, "0x%lx", addr);
         ^~~~~~
../src/uio.c:159:9: note: include '<stdio.h>' or provide a declaration of 'sscanf'
../src/uio.c:153:7: warning: unused variable 'buf' [-Wunused-variable]
  char buf[ATTR_VALUE_MAX_LEN];
       ^~~
../src/uio.c: In function 'uio_get_mem_offset':
../src/uio.c:175:11: error: 'ATTR_VALUE_MAX_LEN' undeclared (first use in this function)
  char buf[ATTR_VALUE_MAX_LEN];
           ^~~~~~~~~~~~~~~~~~
../src/uio.c:181:9: warning: incompatible implicit declaration of built-in function 'sscanf'
  return sscanf(buf, "0x%lx", offset);
         ^~~~~~
../src/uio.c:181:9: note: include '<stdio.h>' or provide a declaration of 'sscanf'
../src/uio.c:175:7: warning: unused variable 'buf' [-Wunused-variable]
  char buf[ATTR_VALUE_MAX_LEN];
       ^~~
../src/uio.c: In function 'uio_get_mem_info':
../src/uio.c:190:12: error: 'ATTR_VALUE_MAX_LEN' undeclared (first use in this function)
  char name[ATTR_VALUE_MAX_LEN];
            ^~~~~~~~~~~~~~~~~~
../src/uio.c:190:7: warning: unused variable 'name' [-Wunused-variable]
  char name[ATTR_VALUE_MAX_LEN];
       ^~~~
../src/uio.c: In function 'get_map_attr':
../src/uio.c:102:1: warning: control reaches end of non-void function [-Wreturn-type]
 }
 ^
../src/uio.c: In function 'uio_get_mem_size':
../src/uio.c:138:1: warning: control reaches end of non-void function [-Wreturn-type]
 }
 ^
../src/uio.c: In function 'uio_get_mem_addr':
../src/uio.c:160:1: warning: control reaches end of non-void function [-Wreturn-type]
 }
 ^
../src/uio.c: In function 'uio_get_mem_offset':
../src/uio.c:182:1: warning: control reaches end of non-void function [-Wreturn-type]
 }
 ^
make: *** [src/uio.o] Error 1
23:16:23 **** Auto Build of configuration Debug for project tester ****
make all 
'Building file: ../src/uio.c'
'Invoking: ARM v7 Linux gcc compiler'
arm-linux-gnueabihf-gcc -DDEBUG -Wall -O0 -g3 -c -fmessage-length=0 -MT"src/uio.o" -MMD -MP -MF"src/uio.d" -MT"src/uio.o" -o "src/uio.o" "../src/uio.c"
../src/uio.c: In function 'get_sysfs_attr':
../src/uio.c:61:2: error: unknown type name 'FILE'
  FILE *file;
  ^~~~
../src/uio.c:62:13: error: 'FILENAME_MAX_LEN' undeclared (first use in this function)
  char fname[FILENAME_MAX_LEN];
             ^~~~~~~~~~~~~~~~
../src/uio.c:62:13: note: each undeclared identifier is reported only once for each function it appears in
../src/uio.c:64:2: warning: implicit declaration of function 'sprintf' [-Wimplicit-function-declaration]
  sprintf(fname, SYSFS_UIO_BASE "uio%d/%s", uio_num, attr);
  ^~~~~~~
../src/uio.c:64:2: warning: incompatible implicit declaration of built-in function 'sprintf'
../src/uio.c:64:2: note: include '<stdio.h>' or provide a declaration of 'sprintf'
../src/uio.c:64:17: error: 'SYSFS_UIO_BASE' undeclared (first use in this function)
  sprintf(fname, SYSFS_UIO_BASE "uio%d/%s", uio_num, attr);
                 ^~~~~~~~~~~~~~
../src/uio.c:64:32: error: expected ')' before string constant
  sprintf(fname, SYSFS_UIO_BASE "uio%d/%s", uio_num, attr);
                                ^~~~~~~~~~
../src/uio.c:66:9: warning: implicit declaration of function 'fopen' [-Wimplicit-function-declaration]
  file = fopen(fname, "r");
         ^~~~~
../src/uio.c:70:2: warning: implicit declaration of function 'fseek' [-Wimplicit-function-declaration]
  fseek(file, 0, SEEK_END);
  ^~~~~
../src/uio.c:70:17: error: 'SEEK_END' undeclared (first use in this function)
  fseek(file, 0, SEEK_END);
                 ^~~~~~~~
../src/uio.c:71:8: warning: implicit declaration of function 'ftell' [-Wimplicit-function-declaration]
  len = ftell(file);
        ^~~~~
../src/uio.c:72:17: error: 'SEEK_SET' undeclared (first use in this function)
  fseek(file, 0, SEEK_SET);
                 ^~~~~~~~
../src/uio.c:74:2: warning: implicit declaration of function 'fread' [-Wimplicit-function-declaration]
  fread(buf, 1, len, file);
  ^~~~~
../src/uio.c:76:2: warning: implicit declaration of function 'DEBUG_PRINT' [-Wimplicit-function-declaration]
  DEBUG_PRINT("Attribute: %s", buf);
  ^~~~~~~~~~~
../src/uio.c:78:2: warning: implicit declaration of function 'fclose' [-Wimplicit-function-declaration]
  fclose(file);
  ^~~~~~
../src/uio.c:62:7: warning: unused variable 'fname' [-Wunused-variable]
  char fname[FILENAME_MAX_LEN];
       ^~~~~
../src/uio.c: In function 'get_map_attr':
../src/uio.c:97:16: error: 'ATTR_MAX_LEN' undeclared (first use in this function)
  char uio_attr[ATTR_MAX_LEN];
                ^~~~~~~~~~~~
../src/uio.c:99:2: warning: incompatible implicit declaration of built-in function 'sprintf'
  sprintf(uio_attr, "maps/map%d/%s", map_num, attr);
  ^~~~~~~
../src/uio.c:99:2: note: include '<stdio.h>' or provide a declaration of 'sprintf'
../src/uio.c:97:7: warning: unused variable 'uio_attr' [-Wunused-variable]
  char uio_attr[ATTR_MAX_LEN];
       ^~~~~~~~
../src/uio.c: In function 'uio_get_mem_size':
../src/uio.c:131:11: error: 'ATTR_VALUE_MAX_LEN' undeclared (first use in this function)
  char buf[ATTR_VALUE_MAX_LEN];
           ^~~~~~~~~~~~~~~~~~
../src/uio.c:137:9: warning: implicit declaration of function 'sscanf' [-Wimplicit-function-declaration]
  return sscanf(buf, "0x%lx", size);
         ^~~~~~
../src/uio.c:137:9: warning: incompatible implicit declaration of built-in function 'sscanf'
../src/uio.c:137:9: note: include '<stdio.h>' or provide a declaration of 'sscanf'
../src/uio.c:131:7: warning: unused variable 'buf' [-Wunused-variable]
  char buf[ATTR_VALUE_MAX_LEN];
       ^~~
../src/uio.c: In function 'uio_get_mem_addr':
../src/uio.c:153:11: error: 'ATTR_VALUE_MAX_LEN' undeclared (first use in this function)
  char buf[ATTR_VALUE_MAX_LEN];
           ^~~~~~~~~~~~~~~~~~
../src/uio.c:159:9: warning: incompatible implicit declaration of built-in function 'sscanf'
  return sscanf(buf, "0x%lx", addr);
         ^~~~~~
../src/uio.c:159:9: note: include '<stdio.h>' or provide a declaration of 'sscanf'
../src/uio.c:153:7: warning: unused variable 'buf' [-Wunused-variable]
  char buf[ATTR_VALUE_MAX_LEN];
       ^~~
../src/uio.c: In function 'uio_get_mem_offset':
../src/uio.c:175:11: error: 'ATTR_VALUE_MAX_LEN' undeclared (first use in this function)
  char buf[ATTR_VALUE_MAX_LEN];
           ^~~~~~~~~~~~~~~~~~
../src/uio.c:181:9: warning: incompatible implicit declaration of built-in function 'sscanf'
  return sscanf(buf, "0x%lx", offset);
         ^~~~~~
../src/uio.c:181:9: note: include '<stdio.h>' or provide a declaration of 'sscanf'
../src/uio.c:175:7: warning: unused variable 'buf' [-Wunused-variable]
  char buf[ATTR_VALUE_MAX_LEN];
       ^~~
../src/uio.c: In function 'uio_get_mem_info':
../src/uio.c:190:12: error: 'ATTR_VALUE_MAX_LEN' undeclared (first use in this function)
  char name[ATTR_VALUE_MAX_LEN];
            ^~~~~~~~~~~~~~~~~~
../src/uio.c:190:7: warning: unused variable 'name' [-Wunused-variable]
  char name[ATTR_VALUE_MAX_LEN];
       ^~~~
../src/uio.c: In function 'uio_read_maps':
../src/uio.c:213:15: error: 'FILENAME_MAX_LEN' undeclared (first use in this function)
  char dirname[FILENAME_MAX_LEN];
               ^~~~~~~~~~~~~~~~
../src/uio.c:214:2: error: unknown type name 'DIR'
  DIR *dir;
  ^~~
../src/uio.c:216:37: error: 'NULL' undeclared (first use in this function)
  struct uio_map_info *pmap, *maps = NULL;
                                     ^~~~
../src/uio.c:218:2: warning: incompatible implicit declaration of built-in function 'sprintf'
  sprintf(dirname, SYSFS_UIO_BASE "uio%d/maps", uio_num);
  ^~~~~~~
../src/uio.c:218:2: note: include '<stdio.h>' or provide a declaration of 'sprintf'
../src/uio.c:218:19: error: 'SYSFS_UIO_BASE' undeclared (first use in this function)
  sprintf(dirname, SYSFS_UIO_BASE "uio%d/maps", uio_num);
                   ^~~~~~~~~~~~~~
../src/uio.c:218:34: error: expected ')' before string constant
  sprintf(dirname, SYSFS_UIO_BASE "uio%d/maps", uio_num);
                                  ^~~~~~~~~~~~
../src/uio.c:220:8: warning: implicit declaration of function 'opendir' [-Wimplicit-function-declaration]
  dir = opendir(dirname);
        ^~~~~~~
../src/uio.c:225:9: warning: implicit declaration of function 'readdir' [-Wimplicit-function-declaration]
   ent = readdir(dir);
         ^~~~~~~
../src/uio.c:225:7: warning: assignment makes pointer from integer without a cast [-Wint-conversion]
   ent = readdir(dir);
       ^
../src/uio.c:229:10: error: dereferencing pointer to incomplete type 'struct dirent'
   if (ent->d_type == DT_DIR) {
          ^~
../src/uio.c:229:22: error: 'DT_DIR' undeclared (first use in this function)
   if (ent->d_type == DT_DIR) {
                      ^~~~~~
../src/uio.c:233:9: warning: implicit declaration of function 'strcmp' [-Wimplicit-function-declaration]
    if ((strcmp(ent->d_name, ".") == 0) ||
         ^~~~~~
../src/uio.c:237:8: warning: incompatible implicit declaration of built-in function 'sscanf'
    if (sscanf(ent->d_name, "map%d", &map_num) == 1) {
        ^~~~~~
../src/uio.c:237:8: note: include '<stdio.h>' or provide a declaration of 'sscanf'
../src/uio.c:247:10: warning: implicit declaration of function 'malloc' [-Wimplicit-function-declaration]
   maps = malloc(sizeof(struct uio_map_info) * num);
          ^~~~~~
../src/uio.c:247:10: warning: incompatible implicit declaration of built-in function 'malloc'
../src/uio.c:247:10: note: include '<stdlib.h>' or provide a declaration of 'malloc'
../src/uio.c:261:2: warning: implicit declaration of function 'closedir' [-Wimplicit-function-declaration]
  closedir(dir);
  ^~~~~~~~
../src/uio.c:213:7: warning: unused variable 'dirname' [-Wunused-variable]
  char dirname[FILENAME_MAX_LEN];
       ^~~~~~~
../src/uio.c: In function 'get_map_attr':
../src/uio.c:102:1: warning: control reaches end of non-void function [-Wreturn-type]
 }
 ^
../src/uio.c: In function 'uio_get_mem_size':
../src/uio.c:138:1: warning: control reaches end of non-void function [-Wreturn-type]
 }
 ^
../src/uio.c: In function 'uio_get_mem_addr':
../src/uio.c:160:1: warning: control reaches end of non-void function [-Wreturn-type]
 }
 ^
../src/uio.c: In function 'uio_get_mem_offset':
../src/uio.c:182:1: warning: control reaches end of non-void function [-Wreturn-type]
 }
 ^
make: *** [src/uio.o] Error 1
23:16:47 **** Auto Build of configuration Debug for project tester ****
make all 
'Building file: ../src/uio.c'
'Invoking: ARM v7 Linux gcc compiler'
arm-linux-gnueabihf-gcc -DDEBUG -Wall -O0 -g3 -c -fmessage-length=0 -MT"src/uio.o" -MMD -MP -MF"src/uio.d" -MT"src/uio.o" -o "src/uio.o" "../src/uio.c"
../src/uio.c: In function 'get_sysfs_attr':
../src/uio.c:61:2: error: unknown type name 'FILE'
  FILE *file;
  ^~~~
../src/uio.c:62:13: error: 'FILENAME_MAX_LEN' undeclared (first use in this function)
  char fname[FILENAME_MAX_LEN];
             ^~~~~~~~~~~~~~~~
../src/uio.c:62:13: note: each undeclared identifier is reported only once for each function it appears in
../src/uio.c:64:2: warning: implicit declaration of function 'sprintf' [-Wimplicit-function-declaration]
  sprintf(fname, SYSFS_UIO_BASE "uio%d/%s", uio_num, attr);
  ^~~~~~~
../src/uio.c:64:2: warning: incompatible implicit declaration of built-in function 'sprintf'
../src/uio.c:64:2: note: include '<stdio.h>' or provide a declaration of 'sprintf'
../src/uio.c:64:17: error: 'SYSFS_UIO_BASE' undeclared (first use in this function)
  sprintf(fname, SYSFS_UIO_BASE "uio%d/%s", uio_num, attr);
                 ^~~~~~~~~~~~~~
../src/uio.c:64:32: error: expected ')' before string constant
  sprintf(fname, SYSFS_UIO_BASE "uio%d/%s", uio_num, attr);
                                ^~~~~~~~~~
../src/uio.c:66:9: warning: implicit declaration of function 'fopen' [-Wimplicit-function-declaration]
  file = fopen(fname, "r");
         ^~~~~
../src/uio.c:70:2: warning: implicit declaration of function 'fseek' [-Wimplicit-function-declaration]
  fseek(file, 0, SEEK_END);
  ^~~~~
../src/uio.c:70:17: error: 'SEEK_END' undeclared (first use in this function)
  fseek(file, 0, SEEK_END);
                 ^~~~~~~~
../src/uio.c:71:8: warning: implicit declaration of function 'ftell' [-Wimplicit-function-declaration]
  len = ftell(file);
        ^~~~~
../src/uio.c:72:17: error: 'SEEK_SET' undeclared (first use in this function)
  fseek(file, 0, SEEK_SET);
                 ^~~~~~~~
../src/uio.c:74:2: warning: implicit declaration of function 'fread' [-Wimplicit-function-declaration]
  fread(buf, 1, len, file);
  ^~~~~
../src/uio.c:76:2: warning: implicit declaration of function 'DEBUG_PRINT' [-Wimplicit-function-declaration]
  DEBUG_PRINT("Attribute: %s", buf);
  ^~~~~~~~~~~
../src/uio.c:78:2: warning: implicit declaration of function 'fclose' [-Wimplicit-function-declaration]
  fclose(file);
  ^~~~~~
../src/uio.c:62:7: warning: unused variable 'fname' [-Wunused-variable]
  char fname[FILENAME_MAX_LEN];
       ^~~~~
../src/uio.c: In function 'get_map_attr':
../src/uio.c:97:16: error: 'ATTR_MAX_LEN' undeclared (first use in this function)
  char uio_attr[ATTR_MAX_LEN];
                ^~~~~~~~~~~~
../src/uio.c:99:2: warning: incompatible implicit declaration of built-in function 'sprintf'
  sprintf(uio_attr, "maps/map%d/%s", map_num, attr);
  ^~~~~~~
../src/uio.c:99:2: note: include '<stdio.h>' or provide a declaration of 'sprintf'
../src/uio.c:97:7: warning: unused variable 'uio_attr' [-Wunused-variable]
  char uio_attr[ATTR_MAX_LEN];
       ^~~~~~~~
../src/uio.c: In function 'uio_get_mem_size':
../src/uio.c:131:11: error: 'ATTR_VALUE_MAX_LEN' undeclared (first use in this function)
  char buf[ATTR_VALUE_MAX_LEN];
           ^~~~~~~~~~~~~~~~~~
../src/uio.c:137:9: warning: implicit declaration of function 'sscanf' [-Wimplicit-function-declaration]
  return sscanf(buf, "0x%lx", size);
         ^~~~~~
../src/uio.c:137:9: warning: incompatible implicit declaration of built-in function 'sscanf'
../src/uio.c:137:9: note: include '<stdio.h>' or provide a declaration of 'sscanf'
../src/uio.c:131:7: warning: unused variable 'buf' [-Wunused-variable]
  char buf[ATTR_VALUE_MAX_LEN];
       ^~~
../src/uio.c: In function 'uio_get_mem_addr':
../src/uio.c:153:11: error: 'ATTR_VALUE_MAX_LEN' undeclared (first use in this function)
  char buf[ATTR_VALUE_MAX_LEN];
           ^~~~~~~~~~~~~~~~~~
../src/uio.c:159:9: warning: incompatible implicit declaration of built-in function 'sscanf'
  return sscanf(buf, "0x%lx", addr);
         ^~~~~~
../src/uio.c:159:9: note: include '<stdio.h>' or provide a declaration of 'sscanf'
../src/uio.c:153:7: warning: unused variable 'buf' [-Wunused-variable]
  char buf[ATTR_VALUE_MAX_LEN];
       ^~~
../src/uio.c: In function 'uio_get_mem_offset':
../src/uio.c:175:11: error: 'ATTR_VALUE_MAX_LEN' undeclared (first use in this function)
  char buf[ATTR_VALUE_MAX_LEN];
           ^~~~~~~~~~~~~~~~~~
../src/uio.c:181:9: warning: incompatible implicit declaration of built-in function 'sscanf'
  return sscanf(buf, "0x%lx", offset);
         ^~~~~~
../src/uio.c:181:9: note: include '<stdio.h>' or provide a declaration of 'sscanf'
../src/uio.c:175:7: warning: unused variable 'buf' [-Wunused-variable]
  char buf[ATTR_VALUE_MAX_LEN];
       ^~~
../src/uio.c: In function 'uio_get_mem_info':
../src/uio.c:190:12: error: 'ATTR_VALUE_MAX_LEN' undeclared (first use in this function)
  char name[ATTR_VALUE_MAX_LEN];
            ^~~~~~~~~~~~~~~~~~
../src/uio.c:190:7: warning: unused variable 'name' [-Wunused-variable]
  char name[ATTR_VALUE_MAX_LEN];
       ^~~~
../src/uio.c: In function 'uio_read_maps':
../src/uio.c:213:15: error: 'FILENAME_MAX_LEN' undeclared (first use in this function)
  char dirname[FILENAME_MAX_LEN];
               ^~~~~~~~~~~~~~~~
../src/uio.c:214:2: error: unknown type name 'DIR'
  DIR *dir;
  ^~~
../src/uio.c:216:37: error: 'NULL' undeclared (first use in this function)
  struct uio_map_info *pmap, *maps = NULL;
                                     ^~~~
../src/uio.c:218:2: warning: incompatible implicit declaration of built-in function 'sprintf'
[...]
  tri = *((volatile uint32_t *)((uint8_t *)iomem + AXI_GPIO_CH1TRI_OFFSET));
                                                   ^~~~~~~~~~~~~~~~~~~~~~
../src/main.c:254:54: error: 'AXI_GPIO_CH1DATA_OFFSET' undeclared (first use in this function)
    data = *((volatile uint32_t *)((uint8_t *)iomem + AXI_GPIO_CH1DATA_OFFSET));
                                                      ^~~~~~~~~~~~~~~~~~~~~~~
../src/main.c:152:38: warning: unused variable 'ch' [-Wunused-variable]
  unsigned long tri, ier, gier, data, ch, isr;
                                      ^~
make: *** [src/main.o] Error 1
01:16:00 **** Auto Build of configuration Debug for project tester ****
make all 
'Building file: ../src/main.c'
'Invoking: ARM v7 Linux gcc compiler'
arm-linux-gnueabihf-gcc -DDEBUG -Wall -O0 -g3 -c -fmessage-length=0 -MT"src/main.o" -MMD -MP -MF"src/main.d" -MT"src/main.o" -o "src/main.o" "../src/main.c"
../src/main.c: In function 'uio_run':
../src/main.c:188:51: error: 'AXI_GPIO_CH1TRI_OFFSET' undeclared (first use in this function)
  tri = *((volatile uint32_t *)((uint8_t *)iomem + AXI_GPIO_CH1TRI_OFFSET));
                                                   ^~~~~~~~~~~~~~~~~~~~~~
../src/main.c:188:51: note: each undeclared identifier is reported only once for each function it appears in
../src/main.c:250:54: error: 'AXI_GPIO_CH1DATA_OFFSET' undeclared (first use in this function)
    data = *((volatile uint32_t *)((uint8_t *)iomem + AXI_GPIO_CH1DATA_OFFSET));
                                                      ^~~~~~~~~~~~~~~~~~~~~~~
../src/main.c:148:38: warning: unused variable 'ch' [-Wunused-variable]
  unsigned long tri, ier, gier, data, ch, isr;
                                      ^~
make: *** [src/main.o] Error 1
01:16:40 **** Auto Build of configuration Debug for project tester ****
make all 
'Building file: ../src/main.c'
'Invoking: ARM v7 Linux gcc compiler'
arm-linux-gnueabihf-gcc -DDEBUG -Wall -O0 -g3 -c -fmessage-length=0 -MT"src/main.o" -MMD -MP -MF"src/main.d" -MT"src/main.o" -o "src/main.o" "../src/main.c"
../src/main.c: In function 'uio_run':
../src/main.c:188:51: error: 'AXI_GPIO_CH1TRI_OFFSET' undeclared (first use in this function)
  tri = *((volatile uint32_t *)((uint8_t *)iomem + AXI_GPIO_CH1TRI_OFFSET));
                                                   ^~~~~~~~~~~~~~~~~~~~~~
../src/main.c:188:51: note: each undeclared identifier is reported only once for each function it appears in
../src/main.c:250:54: error: 'AXI_GPIO_CH1DATA_OFFSET' undeclared (first use in this function)
    data = *((volatile uint32_t *)((uint8_t *)iomem + AXI_GPIO_CH1DATA_OFFSET));
                                                      ^~~~~~~~~~~~~~~~~~~~~~~
../src/main.c:148:38: warning: unused variable 'ch' [-Wunused-variable]
  unsigned long tri, ier, gier, data, ch, isr;
                                      ^~
make: *** [src/main.o] Error 1
01:18:15 **** Auto Build of configuration Debug for project tester ****
make all 
'Building file: ../src/main.c'
'Invoking: ARM v7 Linux gcc compiler'
arm-linux-gnueabihf-gcc -DDEBUG -Wall -O0 -g3 -c -fmessage-length=0 -MT"src/main.o" -MMD -MP -MF"src/main.d" -MT"src/main.o" -o "src/main.o" "../src/main.c"
../src/main.c: In function 'uio_run':
../src/main.c:183:18: warning: passing argument 1 of 'read_reg' makes integer from pointer without a cast [-Wint-conversion]
  gier = read_reg(iomem, AXI_GPIO_GIER_OFFSET);
                  ^~~~~
../src/main.c:114:29: note: expected 'long unsigned int' but argument is of type 'void *'
 static inline unsigned long read_reg(unsigned long base, unsigned long offset)
                             ^~~~~~~~
../src/main.c:187:17: warning: passing argument 1 of 'read_reg' makes integer from pointer without a cast [-Wint-conversion]
  tri = read_reg(iomem, AXI_GPIO_TRI_OFFSET);
                 ^~~~~
../src/main.c:114:29: note: expected 'long unsigned int' but argument is of type 'void *'
 static inline unsigned long read_reg(unsigned long base, unsigned long offset)
                             ^~~~~~~~
../src/main.c:192:19: error: 'AXI_GPIO_CH1TRI_OFFSET' undeclared (first use in this function)
  write_reg(iomem, AXI_GPIO_CH1TRI_OFFSET, tri);
                   ^~~~~~~~~~~~~~~~~~~~~~
../src/main.c:192:19: note: each undeclared identifier is reported only once for each function it appears in
../src/main.c:249:54: error: 'AXI_GPIO_CH1DATA_OFFSET' undeclared (first use in this function)
    data = *((volatile uint32_t *)((uint8_t *)iomem + AXI_GPIO_CH1DATA_OFFSET));
                                                      ^~~~~~~~~~~~~~~~~~~~~~~
../src/main.c:148:38: warning: unused variable 'ch' [-Wunused-variable]
  unsigned long tri, ier, gier, data, ch, isr;
                                      ^~
make: *** [src/main.o] Error 1
01:18:38 **** Auto Build of configuration Debug for project tester ****
make all 
'Building file: ../src/main.c'
'Invoking: ARM v7 Linux gcc compiler'
arm-linux-gnueabihf-gcc -DDEBUG -Wall -O0 -g3 -c -fmessage-length=0 -MT"src/main.o" -MMD -MP -MF"src/main.d" -MT"src/main.o" -o "src/main.o" "../src/main.c"
../src/main.c: In function 'uio_run':
../src/main.c:192:19: error: 'AXI_GPIO_CH1TRI_OFFSET' undeclared (first use in this function)
  write_reg(iomem, AXI_GPIO_CH1TRI_OFFSET, tri);
                   ^~~~~~~~~~~~~~~~~~~~~~
../src/main.c:192:19: note: each undeclared identifier is reported only once for each function it appears in
../src/main.c:249:54: error: 'AXI_GPIO_CH1DATA_OFFSET' undeclared (first use in this function)
    data = *((volatile uint32_t *)((uint8_t *)iomem + AXI_GPIO_CH1DATA_OFFSET));
                                                      ^~~~~~~~~~~~~~~~~~~~~~~
../src/main.c:148:38: warning: unused variable 'ch' [-Wunused-variable]
  unsigned long tri, ier, gier, data, ch, isr;
                                      ^~
make: *** [src/main.o] Error 1
01:19:00 **** Auto Build of configuration Debug for project tester ****
make all 
'Building file: ../src/main.c'
'Invoking: ARM v7 Linux gcc compiler'
arm-linux-gnueabihf-gcc -DDEBUG -Wall -O0 -g3 -c -fmessage-length=0 -MT"src/main.o" -MMD -MP -MF"src/main.d" -MT"src/main.o" -o "src/main.o" "../src/main.c"
../src/main.c: In function 'uio_run':
../src/main.c:196:51: error: 'AXI_GPIO_CH1TRI_OFFSET' undeclared (first use in this function)
  tri = *((volatile uint32_t *)((uint8_t *)iomem + AXI_GPIO_CH1TRI_OFFSET));
                                                   ^~~~~~~~~~~~~~~~~~~~~~
../src/main.c:196:51: note: each undeclared identifier is reported only once for each function it appears in
../src/main.c:249:54: error: 'AXI_GPIO_CH1DATA_OFFSET' undeclared (first use in this function)
    data = *((volatile uint32_t *)((uint8_t *)iomem + AXI_GPIO_CH1DATA_OFFSET));
                                                      ^~~~~~~~~~~~~~~~~~~~~~~
../src/main.c:148:38: warning: unused variable 'ch' [-Wunused-variable]
  unsigned long tri, ier, gier, data, ch, isr;
                                      ^~
make: *** [src/main.o] Error 1
01:19:27 **** Auto Build of configuration Debug for project tester ****
make all 
'Building file: ../src/main.c'
'Invoking: ARM v7 Linux gcc compiler'
arm-linux-gnueabihf-gcc -DDEBUG -Wall -O0 -g3 -c -fmessage-length=0 -MT"src/main.o" -MMD -MP -MF"src/main.d" -MT"src/main.o" -o "src/main.o" "../src/main.c"
../src/main.c: In function 'uio_run':
../src/main.c:243:54: error: 'AXI_GPIO_CH1DATA_OFFSET' undeclared (first use in this function)
    data = *((volatile uint32_t *)((uint8_t *)iomem + AXI_GPIO_CH1DATA_OFFSET));
                                                      ^~~~~~~~~~~~~~~~~~~~~~~
../src/main.c:243:54: note: each undeclared identifier is reported only once for each function it appears in
../src/main.c:148:38: warning: unused variable 'ch' [-Wunused-variable]
  unsigned long tri, ier, gier, data, ch, isr;
                                      ^~
make: *** [src/main.o] Error 1
01:19:28 **** Auto Build of configuration Debug for project tester ****
make all 
'Building file: ../src/main.c'
'Invoking: ARM v7 Linux gcc compiler'
arm-linux-gnueabihf-gcc -DDEBUG -Wall -O0 -g3 -c -fmessage-length=0 -MT"src/main.o" -MMD -MP -MF"src/main.d" -MT"src/main.o" -o "src/main.o" "../src/main.c"
../src/main.c: In function 'uio_run':
../src/main.c:242:54: error: 'AXI_GPIO_CH1DATA_OFFSET' undeclared (first use in this function)
    data = *((volatile uint32_t *)((uint8_t *)iomem + AXI_GPIO_CH1DATA_OFFSET));
                                                      ^~~~~~~~~~~~~~~~~~~~~~~
../src/main.c:242:54: note: each undeclared identifier is reported only once for each function it appears in
../src/main.c:148:38: warning: unused variable 'ch' [-Wunused-variable]
  unsigned long tri, ier, gier, data, ch, isr;
                                      ^~
make: *** [src/main.o] Error 1
01:19:49 **** Auto Build of configuration Debug for project tester ****
make all 
'Building file: ../src/main.c'
'Invoking: ARM v7 Linux gcc compiler'
arm-linux-gnueabihf-gcc -DDEBUG -Wall -O0 -g3 -c -fmessage-length=0 -MT"src/main.o" -MMD -MP -MF"src/main.d" -MT"src/main.o" -o "src/main.o" "../src/main.c"
../src/main.c: In function 'uio_run':
../src/main.c:242:54: error: 'AXI_GPIO_CH1DATA_OFFSET' undeclared (first use in this function)
    data = *((volatile uint32_t *)((uint8_t *)iomem + AXI_GPIO_CH1DATA_OFFSET));
                                                      ^~~~~~~~~~~~~~~~~~~~~~~
../src/main.c:242:54: note: each undeclared identifier is reported only once for each function it appears in
../src/main.c:148:38: warning: unused variable 'ch' [-Wunused-variable]
  unsigned long tri, ier, gier, data, ch, isr;
                                      ^~
make: *** [src/main.o] Error 1
01:20:11 **** Auto Build of configuration Debug for project tester ****
make all 
'Building file: ../src/main.c'
'Invoking: ARM v7 Linux gcc compiler'
arm-linux-gnueabihf-gcc -DDEBUG -Wall -O0 -g3 -c -fmessage-length=0 -MT"src/main.o" -MMD -MP -MF"src/main.d" -MT"src/main.o" -o "src/main.o" "../src/main.c"
../src/main.c: In function 'uio_run':
../src/main.c:242:54: error: 'AXI_GPIO_CH1DATA_OFFSET' undeclared (first use in this function)
    data = *((volatile uint32_t *)((uint8_t *)iomem + AXI_GPIO_CH1DATA_OFFSET));
                                                      ^~~~~~~~~~~~~~~~~~~~~~~
../src/main.c:242:54: note: each undeclared identifier is reported only once for each function it appears in
../src/main.c:148:38: warning: unused variable 'ch' [-Wunused-variable]
  unsigned long tri, ier, gier, data, ch, isr;
                                      ^~
make: *** [src/main.o] Error 1
01:20:47 **** Auto Build of configuration Debug for project tester ****
make all 
'Building file: ../src/main.c'
'Invoking: ARM v7 Linux gcc compiler'
arm-linux-gnueabihf-gcc -DDEBUG -Wall -O0 -g3 -c -fmessage-length=0 -MT"src/main.o" -MMD -MP -MF"src/main.d" -MT"src/main.o" -o "src/main.o" "../src/main.c"
../src/main.c: In function 'uio_run':
../src/main.c:229:54: error: 'AXI_GPIO_CH1DATA_OFFSET' undeclared (first use in this function)
    data = *((volatile uint32_t *)((uint8_t *)iomem + AXI_GPIO_CH1DATA_OFFSET));
                                                      ^~~~~~~~~~~~~~~~~~~~~~~
../src/main.c:229:54: note: each undeclared identifier is reported only once for each function it appears in
../src/main.c:148:38: warning: unused variable 'ch' [-Wunused-variable]
  unsigned long tri, ier, gier, data, ch, isr;
                                      ^~
make: *** [src/main.o] Error 1
01:22:14 **** Auto Build of configuration Debug for project tester ****
make all 
'Building file: ../src/main.c'
'Invoking: ARM v7 Linux gcc compiler'
arm-linux-gnueabihf-gcc -DDEBUG -Wall -O0 -g3 -c -fmessage-length=0 -MT"src/main.o" -MMD -MP -MF"src/main.d" -MT"src/main.o" -o "src/main.o" "../src/main.c"
../src/main.c: In function 'uio_run':
../src/main.c:194:2: error: 'gier' undeclared (first use in this function)
  gier = *((volatile uint32_t *)((uint8_t *)iomem + AXI_GPIO_GIER_OFFSET));
  ^~~~
../src/main.c:194:2: note: each undeclared identifier is reported only once for each function it appears in
../src/main.c:224:54: error: 'AXI_GPIO_CH1DATA_OFFSET' undeclared (first use in this function)
    data = *((volatile uint32_t *)((uint8_t *)iomem + AXI_GPIO_CH1DATA_OFFSET));
                                                      ^~~~~~~~~~~~~~~~~~~~~~~
../src/main.c:148:32: warning: unused variable 'ch' [-Wunused-variable]
  unsigned long tri, ier, data, ch, isr;
                                ^~
make: *** [src/main.o] Error 1
01:22:57 **** Auto Build of configuration Debug for project tester ****
make all 
'Building file: ../src/main.c'
'Invoking: ARM v7 Linux gcc compiler'
arm-linux-gnueabihf-gcc -DDEBUG -Wall -O0 -g3 -c -fmessage-length=0 -MT"src/main.o" -MMD -MP -MF"src/main.d" -MT"src/main.o" -o "src/main.o" "../src/main.c"
../src/main.c: In function 'uio_run':
../src/main.c:195:2: error: 'gier' undeclared (first use in this function)
  gier = *((volatile uint32_t *)((uint8_t *)iomem + AXI_GPIO_GIER_OFFSET));
  ^~~~
../src/main.c:195:2: note: each undeclared identifier is reported only once for each function it appears in
../src/main.c:225:54: error: 'AXI_GPIO_CH1DATA_OFFSET' undeclared (first use in this function)
    data = *((volatile uint32_t *)((uint8_t *)iomem + AXI_GPIO_CH1DATA_OFFSET));
                                                      ^~~~~~~~~~~~~~~~~~~~~~~
../src/main.c:149:32: warning: unused variable 'ch' [-Wunused-variable]
  unsigned long tri, ier, data, ch, isr;
                                ^~
make: *** [src/main.o] Error 1
01:23:20 **** Auto Build of configuration Debug for project tester ****
make all 
'Building file: ../src/main.c'
'Invoking: ARM v7 Linux gcc compiler'
arm-linux-gnueabihf-gcc -DDEBUG -Wall -O0 -g3 -c -fmessage-length=0 -MT"src/main.o" -MMD -MP -MF"src/main.d" -MT"src/main.o" -o "src/main.o" "../src/main.c"
../src/main.c: In function 'uio_run':
../src/main.c:222:54: error: 'AXI_GPIO_CH1DATA_OFFSET' undeclared (first use in this function)
    data = *((volatile uint32_t *)((uint8_t *)iomem + AXI_GPIO_CH1DATA_OFFSET));
                                                      ^~~~~~~~~~~~~~~~~~~~~~~
../src/main.c:222:54: note: each undeclared identifier is reported only once for each function it appears in
../src/main.c:149:32: warning: unused variable 'ch' [-Wunused-variable]
  unsigned long tri, ier, data, ch, isr;
                                ^~
make: *** [src/main.o] Error 1
01:24:07 **** Auto Build of configuration Debug for project tester ****
make all 
'Building file: ../src/main.c'
'Invoking: ARM v7 Linux gcc compiler'
arm-linux-gnueabihf-gcc -DDEBUG -Wall -O0 -g3 -c -fmessage-length=0 -MT"src/main.o" -MMD -MP -MF"src/main.d" -MT"src/main.o" -o "src/main.o" "../src/main.c"
../src/main.c: In function 'uio_run':
../src/main.c:222:54: error: 'AXI_GPIO_CH1DATA_OFFSET' undeclared (first use in this function)
    data = *((volatile uint32_t *)((uint8_t *)iomem + AXI_GPIO_CH1DATA_OFFSET));
                                                      ^~~~~~~~~~~~~~~~~~~~~~~
../src/main.c:222:54: note: each undeclared identifier is reported only once for each function it appears in
make: *** [src/main.o] Error 1
01:25:53 **** Auto Build of configuration Debug for project tester ****
make all 
'Building file: ../src/main.c'
'Invoking: ARM v7 Linux gcc compiler'
arm-linux-gnueabihf-gcc -DDEBUG -Wall -O0 -g3 -c -fmessage-length=0 -MT"src/main.o" -MMD -MP -MF"src/main.d" -MT"src/main.o" -o "src/main.o" "../src/main.c"
'Finished building: ../src/main.c'
' '
'Building target: tester.elf'
'Invoking: ARM v7 Linux gcc linker'
arm-linux-gnueabihf-gcc  -o "tester.elf"  ./src/main.o ./src/uio.o   
'Finished building target: tester.elf'
' '
'Invoking: ARM v7 Linux Print Size'
arm-linux-gnueabihf-size tester.elf  |tee "tester.elf.size"
   text	   data	    bss	    dec	    hex	filename
   6096	    400	     16	   6512	   1970	tester.elf
'Finished building: tester.elf.size'
' '
01:27:56 **** Auto Build of configuration Debug for project tester ****
make all 
'Building file: ../src/main.c'
'Invoking: ARM v7 Linux gcc compiler'
arm-linux-gnueabihf-gcc -DDEBUG -Wall -O0 -g3 -c -fmessage-length=0 -MT"src/main.o" -MMD -MP -MF"src/main.d" -MT"src/main.o" -o "src/main.o" "../src/main.c"
../src/main.c: In function 'main':
../src/main.c:237:8: warning: variable 'name' set but not used [-Wunused-but-set-variable]
  char *name = NULL;
        ^~~~
'Finished building: ../src/main.c'
' '
'Building target: tester.elf'
'Invoking: ARM v7 Linux gcc linker'
arm-linux-gnueabihf-gcc  -o "tester.elf"  ./src/main.o ./src/uio.o   
'Finished building target: tester.elf'
' '
'Invoking: ARM v7 Linux Print Size'
arm-linux-gnueabihf-size tester.elf  |tee "tester.elf.size"
   text	   data	    bss	    dec	    hex	filename
   6173	    400	     20	   6593	   19c1	tester.elf
'Finished building: tester.elf.size'
' '
01:29:48 **** Auto Build of configuration Debug for project tester ****
make all 
'Building file: ../src/main.c'
'Invoking: ARM v7 Linux gcc compiler'
arm-linux-gnueabihf-gcc -DDEBUG -Wall -O0 -g3 -c -fmessage-length=0 -MT"src/main.o" -MMD -MP -MF"src/main.d" -MT"src/main.o" -o "src/main.o" "../src/main.c"
'Finished building: ../src/main.c'
' '
'Building target: tester.elf'
'Invoking: ARM v7 Linux gcc linker'
arm-linux-gnueabihf-gcc  -o "tester.elf"  ./src/main.o ./src/uio.o   
'Finished building target: tester.elf'
' '
'Invoking: ARM v7 Linux Print Size'
arm-linux-gnueabihf-size tester.elf  |tee "tester.elf.size"
   text	   data	    bss	    dec	    hex	filename
   6201	    400	     20	   6621	   19dd	tester.elf
'Finished building: tester.elf.size'
' '
01:31:12 **** Auto Build of configuration Debug for project tester ****
make all 
'Building file: ../src/main.c'
'Invoking: ARM v7 Linux gcc compiler'
arm-linux-gnueabihf-gcc -DDEBUG -Wall -O0 -g3 -c -fmessage-length=0 -MT"src/main.o" -MMD -MP -MF"src/main.d" -MT"src/main.o" -o "src/main.o" "../src/main.c"
'Finished building: ../src/main.c'
' '
'Building target: tester.elf'
'Invoking: ARM v7 Linux gcc linker'
arm-linux-gnueabihf-gcc  -o "tester.elf"  ./src/main.o ./src/uio.o   
'Finished building target: tester.elf'
' '
'Invoking: ARM v7 Linux Print Size'
arm-linux-gnueabihf-size tester.elf  |tee "tester.elf.size"
   text	   data	    bss	    dec	    hex	filename
   6193	    400	     20	   6613	   19d5	tester.elf
'Finished building: tester.elf.size'
' '
01:35:55 **** Auto Build of configuration Debug for project tester ****
make all 
'Building file: ../src/main.c'
'Invoking: ARM v7 Linux gcc compiler'
arm-linux-gnueabihf-gcc -DDEBUG -Wall -O0 -g3 -c -fmessage-length=0 -MT"src/main.o" -MMD -MP -MF"src/main.d" -MT"src/main.o" -o "src/main.o" "../src/main.c"
'Finished building: ../src/main.c'
' '
'Building target: tester.elf'
'Invoking: ARM v7 Linux gcc linker'
arm-linux-gnueabihf-gcc  -o "tester.elf"  ./src/main.o ./src/uio.o   
'Finished building target: tester.elf'
' '
'Invoking: ARM v7 Linux Print Size'
arm-linux-gnueabihf-size tester.elf  |tee "tester.elf.size"
   text	   data	    bss	    dec	    hex	filename
   6193	    400	     20	   6613	   19d5	tester.elf
'Finished building: tester.elf.size'
' '
11:47:51 **** Auto Build of configuration Debug for project tester ****
make all 
'Building file: ../src/main.c'
'Invoking: ARM v7 Linux gcc compiler'
arm-linux-gnueabihf-gcc -DDEBUG -Wall -O0 -g3 -c -fmessage-length=0 -MT"src/main.o" -MMD -MP -MF"src/main.d" -MT"src/main.o" -o "src/main.o" "../src/main.c"
'Finished building: ../src/main.c'
' '
'Building target: tester.elf'
'Invoking: ARM v7 Linux gcc linker'
arm-linux-gnueabihf-gcc  -o "tester.elf"  ./src/main.o ./src/uio.o   
'Finished building target: tester.elf'
' '
'Invoking: ARM v7 Linux Print Size'
arm-linux-gnueabihf-size tester.elf  |tee "tester.elf.size"
   text	   data	    bss	    dec	    hex	filename
   6193	    400	     20	   6613	   19d5	tester.elf
'Finished building: tester.elf.size'
' '
